Component: ARM Compiler 6.16 Tool: armlink [5dfeaa00]

==============================================================================

Section Cross References

    main.o(.text.main) refers to barcode_driver.o(.text.Run_Barcode_Driver) for Run_Barcode_Driver
    main.o(.text.main) refers to lcd_driver.o(.text.Run_LCD_Driver) for Run_LCD_Driver
    main.o(.text.main) refers to main.o(.text.Run_Application) for Run_Application
    main.o(.text.main) refers to main.o(.data.Shopping_Cart_App_State) for [Anonymous Symbol]
    main.o(.ARM.exidx.text.main) refers to main.o(.text.main) for [Anonymous Symbol]
    main.o(.text.Run_Application) refers to wifi_driver.o(.text.Get_WiFi_Init_Status) for Get_WiFi_Init_Status
    main.o(.text.Run_Application) refers to wifi_driver.o(.text.Get_WiFi_SelfTest_Status) for Get_WiFi_SelfTest_Status
    main.o(.text.Run_Application) refers to main.o(.data.Shopping_Cart_App_State) for [Anonymous Symbol]
    main.o(.text.Run_Application) refers to main.o(.bss.ShoppingList) for [Anonymous Symbol]
    main.o(.ARM.exidx.text.Run_Application) refers to main.o(.text.Run_Application) for [Anonymous Symbol]
    main.o(.text.Return_App_FSM_State) refers to main.o(.data.Shopping_Cart_App_State) for [Anonymous Symbol]
    main.o(.ARM.exidx.text.Return_App_FSM_State) refers to main.o(.text.Return_App_FSM_State) for [Anonymous Symbol]
    main.o(.ARM.exidx.text.LCD_Main_menu) refers to main.o(.text.LCD_Main_menu) for [Anonymous Symbol]
    barcode_driver.o(.text.Run_Barcode_Driver) refers to barcode_driver.o(.data.Barcode_State) for [Anonymous Symbol]
    barcode_driver.o(.ARM.exidx.text.Run_Barcode_Driver) refers to barcode_driver.o(.text.Run_Barcode_Driver) for [Anonymous Symbol]
    lcd_driver.o(.text.Run_LCD_Driver) refers to lcd_driver.o(.data.LCD_State) for [Anonymous Symbol]
    lcd_driver.o(.ARM.exidx.text.Run_LCD_Driver) refers to lcd_driver.o(.text.Run_LCD_Driver) for [Anonymous Symbol]
    wifi_driver.o(.text.Init_WiFi_Driver) refers to wifi_uart.o(.text.Init_UART2) for Init_UART2
    wifi_driver.o(.ARM.exidx.text.Init_WiFi_Driver) refers to wifi_driver.o(.text.Init_WiFi_Driver) for [Anonymous Symbol]
    wifi_driver.o(.text.Run_WiFi_Driver) refers to wifi_driver.o(.text.Init_WiFi_Driver) for Init_WiFi_Driver
    wifi_driver.o(.text.Run_WiFi_Driver) refers to wifi_uart.o(.text.Send_String) for Send_String
    wifi_driver.o(.text.Run_WiFi_Driver) refers to delay.o(.text.Delay) for Delay
    wifi_driver.o(.text.Run_WiFi_Driver) refers to queue.o(.text.Q_Dequeue) for Q_Dequeue
    wifi_driver.o(.text.Run_WiFi_Driver) refers to wifi_driver.o(.text.read_data) for read_data
    wifi_driver.o(.text.Run_WiFi_Driver) refers to wifi_driver.o(.bss.WiFi_State) for [Anonymous Symbol]
    wifi_driver.o(.text.Run_WiFi_Driver) refers to wifi_driver.o(.rodata.str1.1) for [Anonymous Symbol]
    wifi_driver.o(.text.Run_WiFi_Driver) refers to wifi_driver.o(.bss.Run_WiFi_Driver.FailCnt) for [Anonymous Symbol]
    wifi_driver.o(.text.Run_WiFi_Driver) refers to wifi_uart.o(.bss.WiFi_UART_RxQ) for WiFi_UART_RxQ
    wifi_driver.o(.text.Run_WiFi_Driver) refers to wifi_driver.o(.bss.WiFi_SelfTest_State) for [Anonymous Symbol]
    wifi_driver.o(.text.Run_WiFi_Driver) refers to wifi_driver.o(.bss.WiFi_Init_State) for [Anonymous Symbol]
    wifi_driver.o(.ARM.exidx.text.Run_WiFi_Driver) refers to wifi_driver.o(.text.Run_WiFi_Driver) for [Anonymous Symbol]
    wifi_driver.o(.text.read_data) refers to queue.o(.text.Q_Dequeue) for Q_Dequeue
    wifi_driver.o(.text.read_data) refers to strlen.o(.text) for strlen
    wifi_driver.o(.text.read_data) refers to strncmp.o(.text) for strncmp
    wifi_driver.o(.text.read_data) refers to wifi_uart.o(.bss.WiFi_UART_RxQ) for WiFi_UART_RxQ
    wifi_driver.o(.text.read_data) refers to wifi_driver.o(.bss.read_data.size_str) for [Anonymous Symbol]
    wifi_driver.o(.text.read_data) refers to wifi_driver.o(.rodata.str1.1) for [Anonymous Symbol]
    wifi_driver.o(.text.read_data) refers to wifi_driver.o(.data.read_data.res_len) for [Anonymous Symbol]
    wifi_driver.o(.ARM.exidx.text.read_data) refers to wifi_driver.o(.text.read_data) for [Anonymous Symbol]
    wifi_driver.o(.text.Get_WiFi_Init_Status) refers to wifi_driver.o(.bss.WiFi_Init_State) for [Anonymous Symbol]
    wifi_driver.o(.ARM.exidx.text.Get_WiFi_Init_Status) refers to wifi_driver.o(.text.Get_WiFi_Init_Status) for [Anonymous Symbol]
    wifi_driver.o(.text.Get_WiFi_SelfTest_Status) refers to wifi_driver.o(.bss.WiFi_SelfTest_State) for [Anonymous Symbol]
    wifi_driver.o(.ARM.exidx.text.Get_WiFi_SelfTest_Status) refers to wifi_driver.o(.text.Get_WiFi_SelfTest_Status) for [Anonymous Symbol]
    wifi_uart.o(.ARM.exidx.text.fputc) refers to wifi_uart.o(.text.fputc) for [Anonymous Symbol]
    wifi_uart.o(.ARM.exidx.text.fgetc) refers to wifi_uart.o(.text.fgetc) for [Anonymous Symbol]
    wifi_uart.o(.text.Init_UART2) refers to dflti.o(.text) for __aeabi_ui2d
    wifi_uart.o(.text.Init_UART2) refers to ddiv.o(.text) for __aeabi_ddiv
    wifi_uart.o(.text.Init_UART2) refers to dfixi.o(.text) for __aeabi_d2iz
    wifi_uart.o(.text.Init_UART2) refers to queue.o(.text.Q_Init) for Q_Init
    wifi_uart.o(.text.Init_UART2) refers to wifi_uart.o(.text.__NVIC_SetPriority) for __NVIC_SetPriority
    wifi_uart.o(.text.Init_UART2) refers to wifi_uart.o(.text.__NVIC_ClearPendingIRQ) for __NVIC_ClearPendingIRQ
    wifi_uart.o(.text.Init_UART2) refers to wifi_uart.o(.text.__NVIC_EnableIRQ) for __NVIC_EnableIRQ
    wifi_uart.o(.text.Init_UART2) refers to wifi_uart.o(.text.Send_String) for Send_String
    wifi_uart.o(.text.Init_UART2) refers to wifi_uart.o(.bss.WiFi_UART_TxQ) for WiFi_UART_TxQ
    wifi_uart.o(.text.Init_UART2) refers to wifi_uart.o(.bss.WiFi_UART_RxQ) for WiFi_UART_RxQ
    wifi_uart.o(.text.Init_UART2) refers to wifi_uart.o(.rodata.str1.1) for [Anonymous Symbol]
    wifi_uart.o(.ARM.exidx.text.Init_UART2) refers to wifi_uart.o(.text.Init_UART2) for [Anonymous Symbol]
    wifi_uart.o(.ARM.exidx.text.__NVIC_SetPriority) refers to wifi_uart.o(.text.__NVIC_SetPriority) for [Anonymous Symbol]
    wifi_uart.o(.ARM.exidx.text.__NVIC_ClearPendingIRQ) refers to wifi_uart.o(.text.__NVIC_ClearPendingIRQ) for [Anonymous Symbol]
    wifi_uart.o(.ARM.exidx.text.__NVIC_EnableIRQ) refers to wifi_uart.o(.text.__NVIC_EnableIRQ) for [Anonymous Symbol]
    wifi_uart.o(.text.Send_String) refers to queue.o(.text.Q_Full) for Q_Full
    wifi_uart.o(.text.Send_String) refers to queue.o(.text.Q_Enqueue) for Q_Enqueue
    wifi_uart.o(.text.Send_String) refers to queue.o(.text.Q_Dequeue) for Q_Dequeue
    wifi_uart.o(.text.Send_String) refers to wifi_uart.o(.bss.WiFi_UART_TxQ) for WiFi_UART_TxQ
    wifi_uart.o(.ARM.exidx.text.Send_String) refers to wifi_uart.o(.text.Send_String) for [Anonymous Symbol]
    wifi_uart.o(.ARM.exidx.text.UART2_Transmit_Poll) refers to wifi_uart.o(.text.UART2_Transmit_Poll) for [Anonymous Symbol]
    wifi_uart.o(.ARM.exidx.text.UART2_Receive_Poll) refers to wifi_uart.o(.text.UART2_Receive_Poll) for [Anonymous Symbol]
    wifi_uart.o(.text.UART2_IRQHandler) refers to queue.o(.text.Q_Full) for Q_Full
    wifi_uart.o(.text.UART2_IRQHandler) refers to queue.o(.text.Q_Enqueue) for Q_Enqueue
    wifi_uart.o(.text.UART2_IRQHandler) refers to queue.o(.text.Q_Empty) for Q_Empty
    wifi_uart.o(.text.UART2_IRQHandler) refers to queue.o(.text.Q_Dequeue) for Q_Dequeue
    wifi_uart.o(.text.UART2_IRQHandler) refers to wifi_uart.o(.bss.WiFi_UART_RxQ) for WiFi_UART_RxQ
    wifi_uart.o(.text.UART2_IRQHandler) refers to wifi_uart.o(.bss.WiFi_UART_TxQ) for WiFi_UART_TxQ
    wifi_uart.o(.ARM.exidx.text.UART2_IRQHandler) refers to wifi_uart.o(.text.UART2_IRQHandler) for [Anonymous Symbol]
    wifi_uart.o(.text.Send_String_Poll) refers to wifi_uart.o(.text.UART2_Transmit_Poll) for UART2_Transmit_Poll
    wifi_uart.o(.ARM.exidx.text.Send_String_Poll) refers to wifi_uart.o(.text.Send_String_Poll) for [Anonymous Symbol]
    wifi_uart.o(.text.Rx_Chars_Available) refers to queue.o(.text.Q_Size) for Q_Size
    wifi_uart.o(.text.Rx_Chars_Available) refers to wifi_uart.o(.bss.WiFi_UART_RxQ) for WiFi_UART_RxQ
    wifi_uart.o(.ARM.exidx.text.Rx_Chars_Available) refers to wifi_uart.o(.text.Rx_Chars_Available) for [Anonymous Symbol]
    wifi_uart.o(.text.Get_Rx_Char) refers to queue.o(.text.Q_Dequeue) for Q_Dequeue
    wifi_uart.o(.text.Get_Rx_Char) refers to wifi_uart.o(.bss.WiFi_UART_RxQ) for WiFi_UART_RxQ
    wifi_uart.o(.ARM.exidx.text.Get_Rx_Char) refers to wifi_uart.o(.text.Get_Rx_Char) for [Anonymous Symbol]
    queue.o(.ARM.exidx.text.Q_Init) refers to queue.o(.text.Q_Init) for [Anonymous Symbol]
    queue.o(.ARM.exidx.text.Q_Empty) refers to queue.o(.text.Q_Empty) for [Anonymous Symbol]
    queue.o(.ARM.exidx.text.Q_Full) refers to queue.o(.text.Q_Full) for [Anonymous Symbol]
    queue.o(.ARM.exidx.text.Q_Size) refers to queue.o(.text.Q_Size) for [Anonymous Symbol]
    queue.o(.text.Q_Enqueue) refers to queue.o(.text.Q_Full) for Q_Full
    queue.o(.ARM.exidx.text.Q_Enqueue) refers to queue.o(.text.Q_Enqueue) for [Anonymous Symbol]
    queue.o(.text.Q_Dequeue) refers to queue.o(.text.Q_Empty) for Q_Empty
    queue.o(.ARM.exidx.text.Q_Dequeue) refers to queue.o(.text.Q_Dequeue) for [Anonymous Symbol]
    delay.o(.ARM.exidx.text.Delay) refers to delay.o(.text.Delay) for [Anonymous Symbol]
    startup_mkl25z4.o(STACK) refers (Special) to heapauxi.o(.text) for __use_two_region_memory
    startup_mkl25z4.o(HEAP) refers (Special) to heapauxi.o(.text) for __use_two_region_memory
    startup_mkl25z4.o(RESET) refers (Special) to heapauxi.o(.text) for __use_two_region_memory
    startup_mkl25z4.o(RESET) refers to startup_mkl25z4.o(STACK) for __initial_sp
    startup_mkl25z4.o(RESET) refers to startup_mkl25z4.o(.text) for Reset_Handler
    startup_mkl25z4.o(RESET) refers to wifi_uart.o(.text.UART2_IRQHandler) for UART2_IRQHandler
    startup_mkl25z4.o(.ARM.__at_0x400) refers (Special) to heapauxi.o(.text) for __use_two_region_memory
    startup_mkl25z4.o(.text) refers (Special) to heapauxi.o(.text) for __use_two_region_memory
    startup_mkl25z4.o(.text) refers to system_mkl25z4.o(.text.SystemInit) for SystemInit
    startup_mkl25z4.o(.text) refers to __main.o(!!!main) for __main
    startup_mkl25z4.o(.text) refers to startup_mkl25z4.o(HEAP) for Heap_Mem
    startup_mkl25z4.o(.text) refers to startup_mkl25z4.o(STACK) for Stack_Mem
    system_mkl25z4.o(.ARM.exidx.text.SystemInit) refers to system_mkl25z4.o(.text.SystemInit) for [Anonymous Symbol]
    system_mkl25z4.o(.text.SystemCoreClockUpdate) refers to aeabi_sdiv.o(.text) for __aeabi_uidiv
    system_mkl25z4.o(.text.SystemCoreClockUpdate) refers to system_mkl25z4.o(.data.SystemCoreClock) for SystemCoreClock
    system_mkl25z4.o(.ARM.exidx.text.SystemCoreClockUpdate) refers to system_mkl25z4.o(.text.SystemCoreClockUpdate) for [Anonymous Symbol]
    __main.o(!!!main) refers to __rtentry.o(.ARM.Collect$$rtentry$$00000000) for __rt_entry
    ddiv.o(.text) refers (Special) to usenofp.o(x$fpl$usenofp) for __I$use$fp
    ddiv.o(.text) refers to ddiv.o(.constdata) for .constdata
    ddiv.o(.constdata) refers (Special) to usenofp.o(x$fpl$usenofp) for __I$use$fp
    dfixi.o(.text) refers (Special) to usenofp.o(x$fpl$usenofp) for __I$use$fp
    dflti.o(.text) refers (Special) to usenofp.o(x$fpl$usenofp) for __I$use$fp
    __rtentry.o(.ARM.Collect$$rtentry$$00000000) refers (Special) to __rtentry2.o(.ARM.Collect$$rtentry$$0000000A) for __rt_entry_li
    __rtentry.o(.ARM.Collect$$rtentry$$00000000) refers (Special) to __rtentry2.o(.ARM.Collect$$rtentry$$0000000D) for __rt_entry_main
    __rtentry.o(.ARM.Collect$$rtentry$$00000000) refers (Special) to __rtentry2.o(.ARM.Collect$$rtentry$$0000000C) for __rt_entry_postli_1
    __rtentry.o(.ARM.Collect$$rtentry$$00000000) refers (Special) to __rtentry2.o(.ARM.Collect$$rtentry$$00000009) for __rt_entry_postsh_1
    __rtentry.o(.ARM.Collect$$rtentry$$00000000) refers (Special) to __rtentry2.o(.ARM.Collect$$rtentry$$00000002) for __rt_entry_presh_1
    __rtentry.o(.ARM.Collect$$rtentry$$00000000) refers (Special) to __rtentry4.o(.ARM.Collect$$rtentry$$00000004) for __rt_entry_sh
    aeabi_idiv0_sigfpe.o(.text) refers to rt_div0.o(.text) for __rt_div0
    __rtentry2.o(.ARM.Collect$$rtentry$$00000008) refers to boardinit2.o(.text) for _platform_post_stackheap_init
    __rtentry2.o(.ARM.Collect$$rtentry$$0000000A) refers to libinit.o(.ARM.Collect$$libinit$$00000000) for __rt_lib_init
    __rtentry2.o(.ARM.Collect$$rtentry$$0000000B) refers to boardinit3.o(.text) for _platform_post_lib_init
    __rtentry2.o(.ARM.Collect$$rtentry$$0000000D) refers to main.o(.text.main) for main
    __rtentry2.o(.ARM.Collect$$rtentry$$0000000D) refers to exit.o(.text) for exit
    __rtentry2.o(.ARM.exidx) refers to __rtentry2.o(.ARM.Collect$$rtentry$$00000001) for .ARM.Collect$$rtentry$$00000001
    __rtentry2.o(.ARM.exidx) refers to __rtentry2.o(.ARM.Collect$$rtentry$$00000008) for .ARM.Collect$$rtentry$$00000008
    __rtentry2.o(.ARM.exidx) refers to __rtentry2.o(.ARM.Collect$$rtentry$$0000000A) for .ARM.Collect$$rtentry$$0000000A
    __rtentry2.o(.ARM.exidx) refers to __rtentry2.o(.ARM.Collect$$rtentry$$0000000B) for .ARM.Collect$$rtentry$$0000000B
    __rtentry2.o(.ARM.exidx) refers to __rtentry2.o(.ARM.Collect$$rtentry$$0000000D) for .ARM.Collect$$rtentry$$0000000D
    __rtentry4.o(.ARM.Collect$$rtentry$$00000004) refers to sys_stackheap_outer.o(.text) for __user_setup_stackheap
    __rtentry4.o(.ARM.exidx) refers to __rtentry4.o(.ARM.Collect$$rtentry$$00000004) for .ARM.Collect$$rtentry$$00000004
    rt_div0.o(.text) refers to defsig_fpe_outer.o(.text) for __rt_SIGFPE
    sys_stackheap_outer.o(.text) refers to libspace.o(.text) for __user_perproc_libspace
    sys_stackheap_outer.o(.text) refers to startup_mkl25z4.o(.text) for __user_initial_stackheap
    sys_stackheap_outer.o(__vectab_stack_and_reset_area) refers to tempstk.o(.text) for __temporary_stack_top
    sys_stackheap_outer.o(__vectab_stack_and_reset_area) refers to __main.o(!!!main) for __main
    exit.o(.text) refers to rtexit.o(.ARM.Collect$$rtexit$$00000000) for __rt_exit
    defsig_fpe_outer.o(.text) refers to defsig_fpe_inner.o(.text) for __rt_SIGFPE_inner
    defsig_fpe_outer.o(.text) refers to defsig_exit.o(.text) for __sig_exit
    defsig_fpe_formal.o(.text) refers to rt_raise.o(.text) for __rt_raise
    libinit.o(.ARM.Collect$$libinit$$00000000) refers (Special) to libinit2.o(.ARM.Collect$$libinit$$0000002E) for __rt_lib_init_alloca_1
    libinit.o(.ARM.Collect$$libinit$$00000000) refers (Special) to libinit2.o(.ARM.Collect$$libinit$$0000002C) for __rt_lib_init_argv_1
    libinit.o(.ARM.Collect$$libinit$$00000000) refers (Special) to libinit2.o(.ARM.Collect$$libinit$$0000001B) for __rt_lib_init_atexit_1
    libinit.o(.ARM.Collect$$libinit$$00000000) refers (Special) to libinit2.o(.ARM.Collect$$libinit$$00000021) for __rt_lib_init_clock_1
    libinit.o(.ARM.Collect$$libinit$$00000000) refers (Special) to libinit2.o(.ARM.Collect$$libinit$$00000032) for __rt_lib_init_cpp_1
    libinit.o(.ARM.Collect$$libinit$$00000000) refers (Special) to libinit2.o(.ARM.Collect$$libinit$$00000030) for __rt_lib_init_exceptions_1
    libinit.o(.ARM.Collect$$libinit$$00000000) refers (Special) to libinit2.o(.ARM.Collect$$libinit$$00000002) for __rt_lib_init_fp_1
    libinit.o(.ARM.Collect$$libinit$$00000000) refers (Special) to libinit2.o(.ARM.Collect$$libinit$$0000001F) for __rt_lib_init_fp_trap_1
    libinit.o(.ARM.Collect$$libinit$$00000000) refers (Special) to libinit2.o(.ARM.Collect$$libinit$$00000023) for __rt_lib_init_getenv_1
    libinit.o(.ARM.Collect$$libinit$$00000000) refers (Special) to libinit2.o(.ARM.Collect$$libinit$$0000000A) for __rt_lib_init_heap_1
    libinit.o(.ARM.Collect$$libinit$$00000000) refers (Special) to libinit2.o(.ARM.Collect$$libinit$$00000011) for __rt_lib_init_lc_collate_1
    libinit.o(.ARM.Collect$$libinit$$00000000) refers (Special) to libinit2.o(.ARM.Collect$$libinit$$00000013) for __rt_lib_init_lc_ctype_1
    libinit.o(.ARM.Collect$$libinit$$00000000) refers (Special) to libinit2.o(.ARM.Collect$$libinit$$00000015) for __rt_lib_init_lc_monetary_1
    libinit.o(.ARM.Collect$$libinit$$00000000) refers (Special) to libinit2.o(.ARM.Collect$$libinit$$00000017) for __rt_lib_init_lc_numeric_1
    libinit.o(.ARM.Collect$$libinit$$00000000) refers (Special) to libinit2.o(.ARM.Collect$$libinit$$00000019) for __rt_lib_init_lc_time_1
    libinit.o(.ARM.Collect$$libinit$$00000000) refers (Special) to libinit2.o(.ARM.Collect$$libinit$$00000004) for __rt_lib_init_preinit_1
    libinit.o(.ARM.Collect$$libinit$$00000000) refers (Special) to libinit2.o(.ARM.Collect$$libinit$$0000000E) for __rt_lib_init_rand_1
    libinit.o(.ARM.Collect$$libinit$$00000000) refers (Special) to libinit2.o(.ARM.Collect$$libinit$$00000033) for __rt_lib_init_return
    libinit.o(.ARM.Collect$$libinit$$00000000) refers (Special) to libinit2.o(.ARM.Collect$$libinit$$0000001D) for __rt_lib_init_signal_1
    libinit.o(.ARM.Collect$$libinit$$00000000) refers (Special) to libinit2.o(.ARM.Collect$$libinit$$00000025) for __rt_lib_init_stdio_1
    libinit.o(.ARM.Collect$$libinit$$00000000) refers (Special) to libinit2.o(.ARM.Collect$$libinit$$0000000C) for __rt_lib_init_user_alloc_1
    libspace.o(.text) refers to libspace.o(.bss) for __libspace_start
    rtexit.o(.ARM.Collect$$rtexit$$00000000) refers (Special) to rtexit2.o(.ARM.Collect$$rtexit$$00000004) for __rt_exit_exit
    rtexit.o(.ARM.Collect$$rtexit$$00000000) refers (Special) to rtexit2.o(.ARM.Collect$$rtexit$$00000003) for __rt_exit_ls
    rtexit.o(.ARM.Collect$$rtexit$$00000000) refers (Special) to rtexit2.o(.ARM.Collect$$rtexit$$00000002) for __rt_exit_prels_1
    rtexit.o(.ARM.exidx) refers (Special) to rtexit2.o(.ARM.Collect$$rtexit$$00000004) for __rt_exit_exit
    rtexit.o(.ARM.exidx) refers (Special) to rtexit2.o(.ARM.Collect$$rtexit$$00000003) for __rt_exit_ls
    rtexit.o(.ARM.exidx) refers (Special) to rtexit2.o(.ARM.Collect$$rtexit$$00000002) for __rt_exit_prels_1
    rtexit.o(.ARM.exidx) refers to rtexit.o(.ARM.Collect$$rtexit$$00000000) for .ARM.Collect$$rtexit$$00000000
    rt_raise.o(.text) refers to __raise.o(.text) for __raise
    rt_raise.o(.text) refers to sys_exit.o(.text) for _sys_exit
    defsig_exit.o(.text) refers to sys_exit.o(.text) for _sys_exit
    defsig_fpe_inner.o(.text) refers to defsig_general.o(.text) for __default_signal_display
    libinit2.o(.ARM.Collect$$libinit$$00000010) refers to libinit2.o(.ARM.Collect$$libinit$$0000000F) for .ARM.Collect$$libinit$$0000000F
    libinit2.o(.ARM.Collect$$libinit$$00000012) refers to libinit2.o(.ARM.Collect$$libinit$$0000000F) for .ARM.Collect$$libinit$$0000000F
    libinit2.o(.ARM.Collect$$libinit$$00000014) refers to libinit2.o(.ARM.Collect$$libinit$$0000000F) for .ARM.Collect$$libinit$$0000000F
    libinit2.o(.ARM.Collect$$libinit$$00000016) refers to libinit2.o(.ARM.Collect$$libinit$$0000000F) for .ARM.Collect$$libinit$$0000000F
    libinit2.o(.ARM.Collect$$libinit$$00000018) refers to libinit2.o(.ARM.Collect$$libinit$$0000000F) for .ARM.Collect$$libinit$$0000000F
    libinit2.o(.ARM.Collect$$libinit$$00000026) refers to argv_veneer.o(.text) for __ARM_argv_veneer
    libinit2.o(.ARM.Collect$$libinit$$00000027) refers to argv_veneer.o(.text) for __ARM_argv_veneer
    sys_exit.o(.text) refers (Special) to use_no_semi.o(.text) for __I$use$semihosting
    sys_exit.o(.text) refers (Special) to indicate_semi.o(.text) for __semihosting_library_function
    sys_exit_hlt.o(.text) refers (Special) to use_no_semi.o(.text) for __I$use$semihosting
    sys_exit_hlt.o(.text) refers (Special) to indicate_semi.o(.text) for __semihosting_library_function
    rtexit2.o(.ARM.Collect$$rtexit$$00000003) refers to libshutdown.o(.ARM.Collect$$libshutdown$$00000000) for __rt_lib_shutdown
    rtexit2.o(.ARM.Collect$$rtexit$$00000004) refers to sys_exit.o(.text) for _sys_exit
    rtexit2.o(.ARM.exidx) refers to rtexit2.o(.ARM.Collect$$rtexit$$00000001) for .ARM.Collect$$rtexit$$00000001
    rtexit2.o(.ARM.exidx) refers to rtexit2.o(.ARM.Collect$$rtexit$$00000003) for .ARM.Collect$$rtexit$$00000003
    rtexit2.o(.ARM.exidx) refers to rtexit2.o(.ARM.Collect$$rtexit$$00000004) for .ARM.Collect$$rtexit$$00000004
    __raise.o(.text) refers to defsig.o(CL$$defsig) for __default_signal_handler
    defsig_general.o(.text) refers to sys_wrch.o(.text) for _ttywrch
    sys_wrch.o(.text) refers (Special) to use_no_semi.o(.text) for __I$use$semihosting
    sys_wrch.o(.text) refers (Special) to indicate_semi.o(.text) for __semihosting_library_function
    sys_wrch_hlt.o(.text) refers (Special) to use_no_semi.o(.text) for __I$use$semihosting
    sys_wrch_hlt.o(.text) refers (Special) to indicate_semi.o(.text) for __semihosting_library_function
    defsig.o(CL$$defsig) refers to defsig_fpe_inner.o(.text) for __rt_SIGFPE_inner
    defsig.o(CL$$defsig) refers to defsig_rtmem_inner.o(.text) for __rt_SIGRTMEM_inner
    _get_argv_nomalloc.o(.text) refers (Special) to hrguard.o(.text) for __heap_region$guard
    _get_argv_nomalloc.o(.text) refers to defsig_rtmem_outer.o(.text) for __rt_SIGRTMEM
    _get_argv_nomalloc.o(.text) refers to sys_command.o(.text) for _sys_command_string
    libshutdown.o(.ARM.Collect$$libshutdown$$00000000) refers (Special) to libshutdown2.o(.ARM.Collect$$libshutdown$$00000002) for __rt_lib_shutdown_cpp_1
    libshutdown.o(.ARM.Collect$$libshutdown$$00000000) refers (Special) to libshutdown2.o(.ARM.Collect$$libshutdown$$00000007) for __rt_lib_shutdown_fp_trap_1
    libshutdown.o(.ARM.Collect$$libshutdown$$00000000) refers (Special) to libshutdown2.o(.ARM.Collect$$libshutdown$$0000000F) for __rt_lib_shutdown_heap_1
    libshutdown.o(.ARM.Collect$$libshutdown$$00000000) refers (Special) to libshutdown2.o(.ARM.Collect$$libshutdown$$00000010) for __rt_lib_shutdown_return
    libshutdown.o(.ARM.Collect$$libshutdown$$00000000) refers (Special) to libshutdown2.o(.ARM.Collect$$libshutdown$$0000000A) for __rt_lib_shutdown_signal_1
    libshutdown.o(.ARM.Collect$$libshutdown$$00000000) refers (Special) to libshutdown2.o(.ARM.Collect$$libshutdown$$00000004) for __rt_lib_shutdown_stdio_1
    libshutdown.o(.ARM.Collect$$libshutdown$$00000000) refers (Special) to libshutdown2.o(.ARM.Collect$$libshutdown$$0000000C) for __rt_lib_shutdown_user_alloc_1
    sys_command.o(.text) refers (Special) to use_no_semi.o(.text) for __I$use$semihosting
    sys_command.o(.text) refers (Special) to indicate_semi.o(.text) for __semihosting_library_function
    sys_command_hlt.o(.text) refers (Special) to use_no_semi.o(.text) for __I$use$semihosting
    sys_command_hlt.o(.text) refers (Special) to indicate_semi.o(.text) for __semihosting_library_function
    defsig_abrt_inner.o(.text) refers to defsig_general.o(.text) for __default_signal_display
    defsig_rtred_inner.o(.text) refers to defsig_general.o(.text) for __default_signal_display
    defsig_rtmem_inner.o(.text) refers to defsig_general.o(.text) for __default_signal_display
    defsig_rtmem_outer.o(.text) refers to defsig_rtmem_inner.o(.text) for __rt_SIGRTMEM_inner
    defsig_rtmem_outer.o(.text) refers to defsig_exit.o(.text) for __sig_exit
    defsig_rtmem_formal.o(.text) refers to rt_raise.o(.text) for __rt_raise
    defsig_stak_inner.o(.text) refers to defsig_general.o(.text) for __default_signal_display
    defsig_pvfn_inner.o(.text) refers to defsig_general.o(.text) for __default_signal_display
    defsig_cppl_inner.o(.text) refers to defsig_general.o(.text) for __default_signal_display
    defsig_segv_inner.o(.text) refers to defsig_general.o(.text) for __default_signal_display
    defsig_other.o(.text) refers to defsig_general.o(.text) for __default_signal_display


==============================================================================

Removing Unused input sections from the image.

    Removing main.o(.text), (0 bytes).
    Removing main.o(.ARM.exidx.text.main), (8 bytes).
    Removing main.o(.ARM.exidx.text.Run_Application), (8 bytes).
    Removing main.o(.text.Return_App_FSM_State), (12 bytes).
    Removing main.o(.ARM.exidx.text.Return_App_FSM_State), (8 bytes).
    Removing main.o(.text.LCD_Main_menu), (2 bytes).
    Removing main.o(.ARM.exidx.text.LCD_Main_menu), (8 bytes).
    Removing main.o(.ARM.use_no_argv), (4 bytes).
    Removing barcode_driver.o(.text), (0 bytes).
    Removing barcode_driver.o(.ARM.exidx.text.Run_Barcode_Driver), (8 bytes).
    Removing lcd_driver.o(.text), (0 bytes).
    Removing lcd_driver.o(.ARM.exidx.text.Run_LCD_Driver), (8 bytes).
    Removing wifi_driver.o(.text), (0 bytes).
    Removing wifi_driver.o(.text.Init_WiFi_Driver), (12 bytes).
    Removing wifi_driver.o(.ARM.exidx.text.Init_WiFi_Driver), (8 bytes).
    Removing wifi_driver.o(.text.Run_WiFi_Driver), (384 bytes).
    Removing wifi_driver.o(.ARM.exidx.text.Run_WiFi_Driver), (8 bytes).
    Removing wifi_driver.o(.text.read_data), (232 bytes).
    Removing wifi_driver.o(.ARM.exidx.text.read_data), (8 bytes).
    Removing wifi_driver.o(.ARM.exidx.text.Get_WiFi_Init_Status), (8 bytes).
    Removing wifi_driver.o(.ARM.exidx.text.Get_WiFi_SelfTest_Status), (8 bytes).
    Removing wifi_driver.o(.bss.Run_WiFi_Driver.FailCnt), (2 bytes).
    Removing wifi_driver.o(.bss.WiFi_State), (1 bytes).
    Removing wifi_driver.o(.rodata.str1.1), (89 bytes).
    Removing wifi_driver.o(.data.read_data.res_len), (2 bytes).
    Removing wifi_driver.o(.bss.read_data.size_str), (2 bytes).
    Removing gpio.o(.text), (0 bytes).
    Removing i2c.o(.text), (0 bytes).
    Removing wifi_uart.o(.text), (0 bytes).
    Removing wifi_uart.o(.text.fputc), (72 bytes).
    Removing wifi_uart.o(.ARM.exidx.text.fputc), (8 bytes).
    Removing wifi_uart.o(.text.fgetc), (36 bytes).
    Removing wifi_uart.o(.ARM.exidx.text.fgetc), (8 bytes).
    Removing wifi_uart.o(.text.Init_UART2), (276 bytes).
    Removing wifi_uart.o(.ARM.exidx.text.Init_UART2), (8 bytes).
    Removing wifi_uart.o(.text.__NVIC_SetPriority), (136 bytes).
    Removing wifi_uart.o(.ARM.exidx.text.__NVIC_SetPriority), (8 bytes).
    Removing wifi_uart.o(.text.__NVIC_ClearPendingIRQ), (44 bytes).
    Removing wifi_uart.o(.ARM.exidx.text.__NVIC_ClearPendingIRQ), (8 bytes).
    Removing wifi_uart.o(.text.__NVIC_EnableIRQ), (44 bytes).
    Removing wifi_uart.o(.ARM.exidx.text.__NVIC_EnableIRQ), (8 bytes).
    Removing wifi_uart.o(.text.Send_String), (104 bytes).
    Removing wifi_uart.o(.ARM.exidx.text.Send_String), (8 bytes).
    Removing wifi_uart.o(.text.UART2_Transmit_Poll), (40 bytes).
    Removing wifi_uart.o(.ARM.exidx.text.UART2_Transmit_Poll), (8 bytes).
    Removing wifi_uart.o(.text.UART2_Receive_Poll), (32 bytes).
    Removing wifi_uart.o(.ARM.exidx.text.UART2_Receive_Poll), (8 bytes).
    Removing wifi_uart.o(.ARM.exidx.text.UART2_IRQHandler), (8 bytes).
    Removing wifi_uart.o(.text.Send_String_Poll), (36 bytes).
    Removing wifi_uart.o(.ARM.exidx.text.Send_String_Poll), (8 bytes).
    Removing wifi_uart.o(.text.Rx_Chars_Available), (16 bytes).
    Removing wifi_uart.o(.ARM.exidx.text.Rx_Chars_Available), (8 bytes).
    Removing wifi_uart.o(.text.Get_Rx_Char), (16 bytes).
    Removing wifi_uart.o(.ARM.exidx.text.Get_Rx_Char), (8 bytes).
    Removing wifi_uart.o(.rodata.str1.1), (2 bytes).
    Removing wifi_uart.o(.bss.__stdout), (84 bytes).
    Removing wifi_uart.o(.bss.__stdin), (84 bytes).
    Removing barcode_uart.o(.text), (0 bytes).
    Removing queue.o(.text), (0 bytes).
    Removing queue.o(.text.Q_Init), (58 bytes).
    Removing queue.o(.ARM.exidx.text.Q_Init), (8 bytes).
    Removing queue.o(.ARM.exidx.text.Q_Empty), (8 bytes).
    Removing queue.o(.ARM.exidx.text.Q_Full), (8 bytes).
    Removing queue.o(.text.Q_Size), (12 bytes).
    Removing queue.o(.ARM.exidx.text.Q_Size), (8 bytes).
    Removing queue.o(.ARM.exidx.text.Q_Enqueue), (8 bytes).
    Removing queue.o(.ARM.exidx.text.Q_Dequeue), (8 bytes).
    Removing delay.o(.text), (0 bytes).
    Removing delay.o(.text.Delay), (40 bytes).
    Removing delay.o(.ARM.exidx.text.Delay), (8 bytes).
    Removing system_mkl25z4.o(.text), (0 bytes).
    Removing system_mkl25z4.o(.ARM.exidx.text.SystemInit), (8 bytes).
    Removing system_mkl25z4.o(.text.SystemCoreClockUpdate), (556 bytes).
    Removing system_mkl25z4.o(.ARM.exidx.text.SystemCoreClockUpdate), (8 bytes).
    Removing system_mkl25z4.o(.data.SystemCoreClock), (4 bytes).

75 unused section(s) (total 2698 bytes) removed from the image.

==============================================================================

Image Symbol Table

    Local Symbols

    Symbol Name                              Value     Ov Type        Size  Object(Section)

    ../clib/angel/boardlib.s                 0x00000000   Number         0  boardinit1.o ABSOLUTE
    ../clib/angel/boardlib.s                 0x00000000   Number         0  boardinit2.o ABSOLUTE
    ../clib/angel/boardlib.s                 0x00000000   Number         0  boardinit3.o ABSOLUTE
    ../clib/angel/boardlib.s                 0x00000000   Number         0  boardshut.o ABSOLUTE
    ../clib/angel/handlers.s                 0x00000000   Number         0  __scatter_copy.o ABSOLUTE
    ../clib/angel/handlers.s                 0x00000000   Number         0  __scatter_zi.o ABSOLUTE
    ../clib/angel/kernel.s                   0x00000000   Number         0  __rtentry.o ABSOLUTE
    ../clib/angel/kernel.s                   0x00000000   Number         0  __rtentry2.o ABSOLUTE
    ../clib/angel/kernel.s                   0x00000000   Number         0  __rtentry4.o ABSOLUTE
    ../clib/angel/kernel.s                   0x00000000   Number         0  rtexit.o ABSOLUTE
    ../clib/angel/kernel.s                   0x00000000   Number         0  rtexit2.o ABSOLUTE
    ../clib/angel/rt.s                       0x00000000   Number         0  aeabi_idiv0.o ABSOLUTE
    ../clib/angel/rt.s                       0x00000000   Number         0  aeabi_idiv0_sigfpe.o ABSOLUTE
    ../clib/angel/rt.s                       0x00000000   Number         0  rt_div0.o ABSOLUTE
    ../clib/angel/rt.s                       0x00000000   Number         0  rt_raise.o ABSOLUTE
    ../clib/angel/scatterp.s                 0x00000000   Number         0  __scatter.o ABSOLUTE
    ../clib/angel/startup.s                  0x00000000   Number         0  __main.o ABSOLUTE
    ../clib/angel/sys.s                      0x00000000   Number         0  sys_stackheap_outer.o ABSOLUTE
    ../clib/angel/sys.s                      0x00000000   Number         0  libspace.o ABSOLUTE
    ../clib/angel/sys.s                      0x00000000   Number         0  tempstk.o ABSOLUTE
    ../clib/angel/sys.s                      0x00000000   Number         0  use_no_semi.o ABSOLUTE
    ../clib/angel/sys.s                      0x00000000   Number         0  indicate_semi.o ABSOLUTE
    ../clib/angel/sysapp.c                   0x00000000   Number         0  sys_exit.o ABSOLUTE
    ../clib/angel/sysapp.c                   0x00000000   Number         0  sys_exit_hlt.o ABSOLUTE
    ../clib/angel/sysapp.c                   0x00000000   Number         0  sys_wrch.o ABSOLUTE
    ../clib/angel/sysapp.c                   0x00000000   Number         0  sys_wrch_hlt.o ABSOLUTE
    ../clib/angel/sysapp.c                   0x00000000   Number         0  sys_command.o ABSOLUTE
    ../clib/angel/sysapp.c                   0x00000000   Number         0  sys_command_hlt.o ABSOLUTE
    ../clib/armsys.c                         0x00000000   Number         0  argv_veneer.o ABSOLUTE
    ../clib/armsys.c                         0x00000000   Number         0  _get_argv_nomalloc.o ABSOLUTE
    ../clib/armsys.c                         0x00000000   Number         0  no_argv.o ABSOLUTE
    ../clib/division.s                       0x00000000   Number         0  aeabi_sdiv.o ABSOLUTE
    ../clib/division.s                       0x00000000   Number         0  aeabi_sdiv_div0.o ABSOLUTE
    ../clib/heapalloc.c                      0x00000000   Number         0  hrguard.o ABSOLUTE
    ../clib/heapaux.c                        0x00000000   Number         0  heapauxi.o ABSOLUTE
    ../clib/libinit.s                        0x00000000   Number         0  libinit.o ABSOLUTE
    ../clib/libinit.s                        0x00000000   Number         0  libinit2.o ABSOLUTE
    ../clib/libinit.s                        0x00000000   Number         0  libshutdown.o ABSOLUTE
    ../clib/libinit.s                        0x00000000   Number         0  libshutdown2.o ABSOLUTE
    ../clib/signal.c                         0x00000000   Number         0  defsig_fpe_outer.o ABSOLUTE
    ../clib/signal.c                         0x00000000   Number         0  defsig_fpe_formal.o ABSOLUTE
    ../clib/signal.c                         0x00000000   Number         0  defsig_exit.o ABSOLUTE
    ../clib/signal.c                         0x00000000   Number         0  defsig_fpe_inner.o ABSOLUTE
    ../clib/signal.c                         0x00000000   Number         0  __raise.o ABSOLUTE
    ../clib/signal.c                         0x00000000   Number         0  defsig_general.o ABSOLUTE
    ../clib/signal.c                         0x00000000   Number         0  defsig_abrt_inner.o ABSOLUTE
    ../clib/signal.c                         0x00000000   Number         0  defsig_rtred_inner.o ABSOLUTE
    ../clib/signal.c                         0x00000000   Number         0  defsig_rtmem_inner.o ABSOLUTE
    ../clib/signal.c                         0x00000000   Number         0  defsig_rtmem_outer.o ABSOLUTE
    ../clib/signal.c                         0x00000000   Number         0  defsig_rtmem_formal.o ABSOLUTE
    ../clib/signal.c                         0x00000000   Number         0  defsig_stak_inner.o ABSOLUTE
    ../clib/signal.c                         0x00000000   Number         0  defsig_pvfn_inner.o ABSOLUTE
    ../clib/signal.c                         0x00000000   Number         0  defsig_cppl_inner.o ABSOLUTE
    ../clib/signal.c                         0x00000000   Number         0  defsig_segv_inner.o ABSOLUTE
    ../clib/signal.c                         0x00000000   Number         0  defsig_other.o ABSOLUTE
    ../clib/signal.s                         0x00000000   Number         0  defsig.o ABSOLUTE
    ../clib/stdlib.c                         0x00000000   Number         0  exit.o ABSOLUTE
    ../clib/string.c                         0x00000000   Number         0  strlen.o ABSOLUTE
    ../clib/string.c                         0x00000000   Number         0  strncmp.o ABSOLUTE
    ../fplib/cfplib/ddiv.c                   0x00000000   Number         0  ddiv.o ABSOLUTE
    ../fplib/cfplib/ffix.c                   0x00000000   Number         0  dfixi.o ABSOLUTE
    ../fplib/cfplib/fflt.c                   0x00000000   Number         0  dflti.o ABSOLUTE
    ../fplib/cfplib/fpinit.c                 0x00000000   Number         0  fpinit.o ABSOLUTE
    ../fplib/usenofp.s                       0x00000000   Number         0  usenofp.o ABSOLUTE
    Barcode_Driver.c                         0x00000000   Number         0  barcode_driver.o ABSOLUTE
    Barcode_UART.c                           0x00000000   Number         0  barcode_uart.o ABSOLUTE
    GPIO.c                                   0x00000000   Number         0  gpio.o ABSOLUTE
    I2C.c                                    0x00000000   Number         0  i2c.o ABSOLUTE
    LCD_Driver.c                             0x00000000   Number         0  lcd_driver.o ABSOLUTE
    RTE/Device/MKL25Z128xxx4/startup_MKL25Z4.s 0x00000000   Number         0  startup_mkl25z4.o ABSOLUTE
    WiFi_Driver.c                            0x00000000   Number         0  wifi_driver.o ABSOLUTE
    WiFi_UART.c                              0x00000000   Number         0  wifi_uart.o ABSOLUTE
    dc.s                                     0x00000000   Number         0  dc.o ABSOLUTE
    delay.c                                  0x00000000   Number         0  delay.o ABSOLUTE
    main.c                                   0x00000000   Number         0  main.o ABSOLUTE
    queue.c                                  0x00000000   Number         0  queue.o ABSOLUTE
    system_MKL25Z4.c                         0x00000000   Number         0  system_mkl25z4.o ABSOLUTE
    RESET                                    0x00000000   Section      192  startup_mkl25z4.o(RESET)
    !!!main                                  0x000000c0   Section        8  __main.o(!!!main)
    !!!scatter                               0x000000c8   Section       60  __scatter.o(!!!scatter)
    !!handler_copy                           0x00000104   Section       26  __scatter_copy.o(!!handler_copy)
    !!handler_zi                             0x00000120   Section       28  __scatter_zi.o(!!handler_zi)
    .ARM.Collect$$libinit$$00000000          0x0000013c   Section        2  libinit.o(.ARM.Collect$$libinit$$00000000)
    .ARM.Collect$$libinit$$00000002          0x0000013e   Section        0  libinit2.o(.ARM.Collect$$libinit$$00000002)
    .ARM.Collect$$libinit$$00000004          0x0000013e   Section        0  libinit2.o(.ARM.Collect$$libinit$$00000004)
    .ARM.Collect$$libinit$$0000000A          0x0000013e   Section        0  libinit2.o(.ARM.Collect$$libinit$$0000000A)
    .ARM.Collect$$libinit$$0000000C          0x0000013e   Section        0  libinit2.o(.ARM.Collect$$libinit$$0000000C)
    .ARM.Collect$$libinit$$0000000E          0x0000013e   Section        0  libinit2.o(.ARM.Collect$$libinit$$0000000E)
    .ARM.Collect$$libinit$$00000011          0x0000013e   Section        0  libinit2.o(.ARM.Collect$$libinit$$00000011)
    .ARM.Collect$$libinit$$00000013          0x0000013e   Section        0  libinit2.o(.ARM.Collect$$libinit$$00000013)
    .ARM.Collect$$libinit$$00000015          0x0000013e   Section        0  libinit2.o(.ARM.Collect$$libinit$$00000015)
    .ARM.Collect$$libinit$$00000017          0x0000013e   Section        0  libinit2.o(.ARM.Collect$$libinit$$00000017)
    .ARM.Collect$$libinit$$00000019          0x0000013e   Section        0  libinit2.o(.ARM.Collect$$libinit$$00000019)
    .ARM.Collect$$libinit$$0000001B          0x0000013e   Section        0  libinit2.o(.ARM.Collect$$libinit$$0000001B)
    .ARM.Collect$$libinit$$0000001D          0x0000013e   Section        0  libinit2.o(.ARM.Collect$$libinit$$0000001D)
    .ARM.Collect$$libinit$$0000001F          0x0000013e   Section        0  libinit2.o(.ARM.Collect$$libinit$$0000001F)
    .ARM.Collect$$libinit$$00000021          0x0000013e   Section        0  libinit2.o(.ARM.Collect$$libinit$$00000021)
    .ARM.Collect$$libinit$$00000023          0x0000013e   Section        0  libinit2.o(.ARM.Collect$$libinit$$00000023)
    .ARM.Collect$$libinit$$00000025          0x0000013e   Section        0  libinit2.o(.ARM.Collect$$libinit$$00000025)
    .ARM.Collect$$libinit$$0000002C          0x0000013e   Section        0  libinit2.o(.ARM.Collect$$libinit$$0000002C)
    .ARM.Collect$$libinit$$0000002E          0x0000013e   Section        0  libinit2.o(.ARM.Collect$$libinit$$0000002E)
    .ARM.Collect$$libinit$$00000030          0x0000013e   Section        0  libinit2.o(.ARM.Collect$$libinit$$00000030)
    .ARM.Collect$$libinit$$00000032          0x0000013e   Section        0  libinit2.o(.ARM.Collect$$libinit$$00000032)
    .ARM.Collect$$libinit$$00000033          0x0000013e   Section        2  libinit2.o(.ARM.Collect$$libinit$$00000033)
    .ARM.Collect$$libshutdown$$00000000      0x00000140   Section        2  libshutdown.o(.ARM.Collect$$libshutdown$$00000000)
    .ARM.Collect$$libshutdown$$00000002      0x00000142   Section        0  libshutdown2.o(.ARM.Collect$$libshutdown$$00000002)
    .ARM.Collect$$libshutdown$$00000004      0x00000142   Section        0  libshutdown2.o(.ARM.Collect$$libshutdown$$00000004)
    .ARM.Collect$$libshutdown$$00000007      0x00000142   Section        0  libshutdown2.o(.ARM.Collect$$libshutdown$$00000007)
    .ARM.Collect$$libshutdown$$0000000A      0x00000142   Section        0  libshutdown2.o(.ARM.Collect$$libshutdown$$0000000A)
    .ARM.Collect$$libshutdown$$0000000C      0x00000142   Section        0  libshutdown2.o(.ARM.Collect$$libshutdown$$0000000C)
    .ARM.Collect$$libshutdown$$0000000F      0x00000142   Section        0  libshutdown2.o(.ARM.Collect$$libshutdown$$0000000F)
    .ARM.Collect$$libshutdown$$00000010      0x00000142   Section        2  libshutdown2.o(.ARM.Collect$$libshutdown$$00000010)
    .ARM.Collect$$rtentry$$00000000          0x00000144   Section        0  __rtentry.o(.ARM.Collect$$rtentry$$00000000)
    .ARM.Collect$$rtentry$$00000002          0x00000144   Section        0  __rtentry2.o(.ARM.Collect$$rtentry$$00000002)
    .ARM.Collect$$rtentry$$00000004          0x00000144   Section        6  __rtentry4.o(.ARM.Collect$$rtentry$$00000004)
    .ARM.Collect$$rtentry$$00000009          0x0000014a   Section        0  __rtentry2.o(.ARM.Collect$$rtentry$$00000009)
    .ARM.Collect$$rtentry$$0000000A          0x0000014a   Section        4  __rtentry2.o(.ARM.Collect$$rtentry$$0000000A)
    .ARM.Collect$$rtentry$$0000000C          0x0000014e   Section        0  __rtentry2.o(.ARM.Collect$$rtentry$$0000000C)
    .ARM.Collect$$rtentry$$0000000D          0x0000014e   Section        8  __rtentry2.o(.ARM.Collect$$rtentry$$0000000D)
    .ARM.Collect$$rtexit$$00000000           0x00000156   Section        2  rtexit.o(.ARM.Collect$$rtexit$$00000000)
    .ARM.Collect$$rtexit$$00000002           0x00000158   Section        0  rtexit2.o(.ARM.Collect$$rtexit$$00000002)
    .ARM.Collect$$rtexit$$00000003           0x00000158   Section        4  rtexit2.o(.ARM.Collect$$rtexit$$00000003)
    .ARM.Collect$$rtexit$$00000004           0x0000015c   Section        6  rtexit2.o(.ARM.Collect$$rtexit$$00000004)
    .text                                    0x00000164   Section       64  startup_mkl25z4.o(.text)
    .text                                    0x000001a4   Section        0  heapauxi.o(.text)
    .text                                    0x000001aa   Section       62  sys_stackheap_outer.o(.text)
    .text                                    0x000001e8   Section        0  exit.o(.text)
    .text                                    0x000001f8   Section        8  libspace.o(.text)
    .text                                    0x00000200   Section        0  sys_exit.o(.text)
    .text                                    0x0000020c   Section        2  use_no_semi.o(.text)
    .text                                    0x0000020e   Section        0  indicate_semi.o(.text)
    [Anonymous Symbol]                       0x00000210   Section        0  wifi_driver.o(.text.Get_WiFi_Init_Status)
    __arm_cp.3_0                             0x00000218   Number         4  wifi_driver.o(.text.Get_WiFi_Init_Status)
    [Anonymous Symbol]                       0x0000021c   Section        0  wifi_driver.o(.text.Get_WiFi_SelfTest_Status)
    __arm_cp.4_0                             0x00000224   Number         4  wifi_driver.o(.text.Get_WiFi_SelfTest_Status)
    [Anonymous Symbol]                       0x00000228   Section        0  queue.o(.text.Q_Dequeue)
    [Anonymous Symbol]                       0x0000028c   Section        0  queue.o(.text.Q_Empty)
    [Anonymous Symbol]                       0x0000029c   Section        0  queue.o(.text.Q_Enqueue)
    __arm_cp.4_0                             0x000002fc   Number         4  queue.o(.text.Q_Enqueue)
    [Anonymous Symbol]                       0x00000300   Section        0  queue.o(.text.Q_Full)
    __arm_cp.2_0                             0x00000314   Number         4  queue.o(.text.Q_Full)
    [Anonymous Symbol]                       0x00000318   Section        0  main.o(.text.Run_Application)
    __arm_cp.1_1                             0x00000394   Number         4  main.o(.text.Run_Application)
    [Anonymous Symbol]                       0x00000398   Section        0  barcode_driver.o(.text.Run_Barcode_Driver)
    __arm_cp.0_0                             0x000003d4   Number         4  barcode_driver.o(.text.Run_Barcode_Driver)
    .ARM.__at_0x400                          0x00000400   Section       16  startup_mkl25z4.o(.ARM.__at_0x400)
    [Anonymous Symbol]                       0x00000410   Section        0  lcd_driver.o(.text.Run_LCD_Driver)
    __arm_cp.0_0                             0x0000044c   Number         4  lcd_driver.o(.text.Run_LCD_Driver)
    [Anonymous Symbol]                       0x00000450   Section        0  system_mkl25z4.o(.text.SystemInit)
    __arm_cp.0_0                             0x00000550   Number         4  system_mkl25z4.o(.text.SystemInit)
    __arm_cp.0_1                             0x00000554   Number         4  system_mkl25z4.o(.text.SystemInit)
    __arm_cp.0_2                             0x00000558   Number         4  system_mkl25z4.o(.text.SystemInit)
    __arm_cp.0_3                             0x0000055c   Number         4  system_mkl25z4.o(.text.SystemInit)
    __arm_cp.0_4                             0x00000560   Number         4  system_mkl25z4.o(.text.SystemInit)
    __arm_cp.0_5                             0x00000564   Number         4  system_mkl25z4.o(.text.SystemInit)
    __arm_cp.0_6                             0x00000568   Number         4  system_mkl25z4.o(.text.SystemInit)
    __arm_cp.0_7                             0x0000056c   Number         4  system_mkl25z4.o(.text.SystemInit)
    __arm_cp.0_8                             0x00000570   Number         4  system_mkl25z4.o(.text.SystemInit)
    __arm_cp.0_9                             0x00000574   Number         4  system_mkl25z4.o(.text.SystemInit)
    __arm_cp.0_10                            0x00000578   Number         4  system_mkl25z4.o(.text.SystemInit)
    __arm_cp.0_11                            0x0000057c   Number         4  system_mkl25z4.o(.text.SystemInit)
    __arm_cp.0_12                            0x00000580   Number         4  system_mkl25z4.o(.text.SystemInit)
    __arm_cp.0_13                            0x00000584   Number         4  system_mkl25z4.o(.text.SystemInit)
    __arm_cp.0_14                            0x00000588   Number         4  system_mkl25z4.o(.text.SystemInit)
    __arm_cp.0_15                            0x0000058c   Number         4  system_mkl25z4.o(.text.SystemInit)
    __arm_cp.0_16                            0x00000590   Number         4  system_mkl25z4.o(.text.SystemInit)
    __arm_cp.0_17                            0x00000594   Number         4  system_mkl25z4.o(.text.SystemInit)
    __arm_cp.0_18                            0x00000598   Number         4  system_mkl25z4.o(.text.SystemInit)
    __arm_cp.0_19                            0x0000059c   Number         4  system_mkl25z4.o(.text.SystemInit)
    [Anonymous Symbol]                       0x000005a0   Section        0  wifi_uart.o(.text.UART2_IRQHandler)
    __arm_cp.9_0                             0x00000618   Number         4  wifi_uart.o(.text.UART2_IRQHandler)
    __arm_cp.9_1                             0x0000061c   Number         4  wifi_uart.o(.text.UART2_IRQHandler)
    __arm_cp.9_2                             0x00000620   Number         4  wifi_uart.o(.text.UART2_IRQHandler)
    __arm_cp.9_3                             0x00000624   Number         4  wifi_uart.o(.text.UART2_IRQHandler)
    __arm_cp.9_4                             0x00000628   Number         4  wifi_uart.o(.text.UART2_IRQHandler)
    [Anonymous Symbol]                       0x0000062c   Section        0  main.o(.text.main)
    __arm_cp.0_0                             0x0000064c   Number         4  main.o(.text.main)
    Barcode_State                            0x1ffff000   Data           1  barcode_driver.o(.data.Barcode_State)
    [Anonymous Symbol]                       0x1ffff000   Section        0  barcode_driver.o(.data.Barcode_State)
    LCD_State                                0x1ffff001   Data           1  lcd_driver.o(.data.LCD_State)
    [Anonymous Symbol]                       0x1ffff001   Section        0  lcd_driver.o(.data.LCD_State)
    Shopping_Cart_App_State                  0x1ffff002   Data           1  main.o(.data.Shopping_Cart_App_State)
    [Anonymous Symbol]                       0x1ffff002   Section        0  main.o(.data.Shopping_Cart_App_State)
    .bss                                     0x1ffff008   Section       96  libspace.o(.bss)
    ShoppingList                             0x1ffff068   Data           4  main.o(.bss.ShoppingList)
    [Anonymous Symbol]                       0x1ffff068   Section        0  main.o(.bss.ShoppingList)
    WiFi_Init_State                          0x1ffff06c   Data           4  wifi_driver.o(.bss.WiFi_Init_State)
    [Anonymous Symbol]                       0x1ffff06c   Section        0  wifi_driver.o(.bss.WiFi_Init_State)
    WiFi_SelfTest_State                      0x1ffff070   Data           4  wifi_driver.o(.bss.WiFi_SelfTest_State)
    [Anonymous Symbol]                       0x1ffff070   Section        0  wifi_driver.o(.bss.WiFi_SelfTest_State)
    Heap_Mem                                 0x1ffff490   Data           0  startup_mkl25z4.o(HEAP)
    Stack_Mem                                0x1ffff490   Data         256  startup_mkl25z4.o(STACK)
    HEAP                                     0x1ffff490   Section        0  startup_mkl25z4.o(HEAP)
    STACK                                    0x1ffff490   Section      256  startup_mkl25z4.o(STACK)
    __initial_sp                             0x1ffff590   Data           0  startup_mkl25z4.o(STACK)

    Global Symbols

    Symbol Name                              Value     Ov Type        Size  Object(Section)

    BuildAttributes$$THM_ISAv3M$S$PE$A:L22$X:L11$S22$IEEE1$IW$~IW$USESV6$~STKCKD$USESV7$~SHL$OSPACE$ROPI$EBA8$UX$STANDARDLIB$REQ8$PRES8$EABIv2 0x00000000   Number         0  anon$$obj.o ABSOLUTE
    __Vectors                                0x00000000   Data           4  startup_mkl25z4.o(RESET)
    __ARM_exceptions_init                     - Undefined Weak Reference
    __alloca_initialize                       - Undefined Weak Reference
    __arm_preinit_                            - Undefined Weak Reference
    __cpp_initialize__aeabi_                  - Undefined Weak Reference
    __cxa_finalize                            - Undefined Weak Reference
    __rt_locale                               - Undefined Weak Reference
    __sigvec_lookup                           - Undefined Weak Reference
    _atexit_init                              - Undefined Weak Reference
    _call_atexit_fns                          - Undefined Weak Reference
    _clock_init                               - Undefined Weak Reference
    _fp_trap_init                             - Undefined Weak Reference
    _fp_trap_shutdown                         - Undefined Weak Reference
    _get_lc_collate                           - Undefined Weak Reference
    _get_lc_ctype                             - Undefined Weak Reference
    _get_lc_monetary                          - Undefined Weak Reference
    _get_lc_numeric                           - Undefined Weak Reference
    _get_lc_time                              - Undefined Weak Reference
    _getenv_init                              - Undefined Weak Reference
    _handle_redirection                       - Undefined Weak Reference
    _init_alloc                               - Undefined Weak Reference
    _init_user_alloc                          - Undefined Weak Reference
    _initio                                   - Undefined Weak Reference
    _rand_init                                - Undefined Weak Reference
    _signal_finish                            - Undefined Weak Reference
    _signal_init                              - Undefined Weak Reference
    _terminate_alloc                          - Undefined Weak Reference
    _terminate_user_alloc                     - Undefined Weak Reference
    _terminateio                              - Undefined Weak Reference
    __Vectors_End                            0x000000c0   Data           0  startup_mkl25z4.o(RESET)
    __Vectors_Size                           0x000000c0   Number         0  startup_mkl25z4.o ABSOLUTE
    __main                                   0x000000c1   Thumb Code     8  __main.o(!!!main)
    __scatterload                            0x000000c9   Thumb Code     0  __scatter.o(!!!scatter)
    __scatterload_rt2                        0x000000c9   Thumb Code    52  __scatter.o(!!!scatter)
    __scatterload_rt2_thumb_only             0x000000c9   Thumb Code     0  __scatter.o(!!!scatter)
    __scatterload_null                       0x000000d9   Thumb Code     0  __scatter.o(!!!scatter)
    __scatterload_copy                       0x00000105   Thumb Code    26  __scatter_copy.o(!!handler_copy)
    __scatterload_zeroinit                   0x00000121   Thumb Code    28  __scatter_zi.o(!!handler_zi)
    __rt_lib_init                            0x0000013d   Thumb Code     0  libinit.o(.ARM.Collect$$libinit$$00000000)
    __rt_lib_init_alloca_1                   0x0000013f   Thumb Code     0  libinit2.o(.ARM.Collect$$libinit$$0000002E)
    __rt_lib_init_argv_1                     0x0000013f   Thumb Code     0  libinit2.o(.ARM.Collect$$libinit$$0000002C)
    __rt_lib_init_atexit_1                   0x0000013f   Thumb Code     0  libinit2.o(.ARM.Collect$$libinit$$0000001B)
    __rt_lib_init_clock_1                    0x0000013f   Thumb Code     0  libinit2.o(.ARM.Collect$$libinit$$00000021)
    __rt_lib_init_cpp_1                      0x0000013f   Thumb Code     0  libinit2.o(.ARM.Collect$$libinit$$00000032)
    __rt_lib_init_exceptions_1               0x0000013f   Thumb Code     0  libinit2.o(.ARM.Collect$$libinit$$00000030)
    __rt_lib_init_fp_1                       0x0000013f   Thumb Code     0  libinit2.o(.ARM.Collect$$libinit$$00000002)
    __rt_lib_init_fp_trap_1                  0x0000013f   Thumb Code     0  libinit2.o(.ARM.Collect$$libinit$$0000001F)
    __rt_lib_init_getenv_1                   0x0000013f   Thumb Code     0  libinit2.o(.ARM.Collect$$libinit$$00000023)
    __rt_lib_init_heap_1                     0x0000013f   Thumb Code     0  libinit2.o(.ARM.Collect$$libinit$$0000000A)
    __rt_lib_init_lc_collate_1               0x0000013f   Thumb Code     0  libinit2.o(.ARM.Collect$$libinit$$00000011)
    __rt_lib_init_lc_ctype_1                 0x0000013f   Thumb Code     0  libinit2.o(.ARM.Collect$$libinit$$00000013)
    __rt_lib_init_lc_monetary_1              0x0000013f   Thumb Code     0  libinit2.o(.ARM.Collect$$libinit$$00000015)
    __rt_lib_init_lc_numeric_1               0x0000013f   Thumb Code     0  libinit2.o(.ARM.Collect$$libinit$$00000017)
    __rt_lib_init_lc_time_1                  0x0000013f   Thumb Code     0  libinit2.o(.ARM.Collect$$libinit$$00000019)
    __rt_lib_init_preinit_1                  0x0000013f   Thumb Code     0  libinit2.o(.ARM.Collect$$libinit$$00000004)
    __rt_lib_init_rand_1                     0x0000013f   Thumb Code     0  libinit2.o(.ARM.Collect$$libinit$$0000000E)
    __rt_lib_init_return                     0x0000013f   Thumb Code     0  libinit2.o(.ARM.Collect$$libinit$$00000033)
    __rt_lib_init_signal_1                   0x0000013f   Thumb Code     0  libinit2.o(.ARM.Collect$$libinit$$0000001D)
    __rt_lib_init_stdio_1                    0x0000013f   Thumb Code     0  libinit2.o(.ARM.Collect$$libinit$$00000025)
    __rt_lib_init_user_alloc_1               0x0000013f   Thumb Code     0  libinit2.o(.ARM.Collect$$libinit$$0000000C)
    __rt_lib_shutdown                        0x00000141   Thumb Code     0  libshutdown.o(.ARM.Collect$$libshutdown$$00000000)
    __rt_lib_shutdown_cpp_1                  0x00000143   Thumb Code     0  libshutdown2.o(.ARM.Collect$$libshutdown$$00000002)
    __rt_lib_shutdown_fp_trap_1              0x00000143   Thumb Code     0  libshutdown2.o(.ARM.Collect$$libshutdown$$00000007)
    __rt_lib_shutdown_heap_1                 0x00000143   Thumb Code     0  libshutdown2.o(.ARM.Collect$$libshutdown$$0000000F)
    __rt_lib_shutdown_return                 0x00000143   Thumb Code     0  libshutdown2.o(.ARM.Collect$$libshutdown$$00000010)
    __rt_lib_shutdown_signal_1               0x00000143   Thumb Code     0  libshutdown2.o(.ARM.Collect$$libshutdown$$0000000A)
    __rt_lib_shutdown_stdio_1                0x00000143   Thumb Code     0  libshutdown2.o(.ARM.Collect$$libshutdown$$00000004)
    __rt_lib_shutdown_user_alloc_1           0x00000143   Thumb Code     0  libshutdown2.o(.ARM.Collect$$libshutdown$$0000000C)
    __rt_entry                               0x00000145   Thumb Code     0  __rtentry.o(.ARM.Collect$$rtentry$$00000000)
    __rt_entry_presh_1                       0x00000145   Thumb Code     0  __rtentry2.o(.ARM.Collect$$rtentry$$00000002)
    __rt_entry_sh                            0x00000145   Thumb Code     0  __rtentry4.o(.ARM.Collect$$rtentry$$00000004)
    __rt_entry_li                            0x0000014b   Thumb Code     0  __rtentry2.o(.ARM.Collect$$rtentry$$0000000A)
    __rt_entry_postsh_1                      0x0000014b   Thumb Code     0  __rtentry2.o(.ARM.Collect$$rtentry$$00000009)
    __rt_entry_main                          0x0000014f   Thumb Code     0  __rtentry2.o(.ARM.Collect$$rtentry$$0000000D)
    __rt_entry_postli_1                      0x0000014f   Thumb Code     0  __rtentry2.o(.ARM.Collect$$rtentry$$0000000C)
    __rt_exit                                0x00000157   Thumb Code     0  rtexit.o(.ARM.Collect$$rtexit$$00000000)
    __rt_exit_ls                             0x00000159   Thumb Code     0  rtexit2.o(.ARM.Collect$$rtexit$$00000003)
    __rt_exit_prels_1                        0x00000159   Thumb Code     0  rtexit2.o(.ARM.Collect$$rtexit$$00000002)
    __rt_exit_exit                           0x0000015d   Thumb Code     0  rtexit2.o(.ARM.Collect$$rtexit$$00000004)
    Reset_Handler                            0x00000165   Thumb Code    12  startup_mkl25z4.o(.text)
    NMI_Handler                              0x00000171   Thumb Code     2  startup_mkl25z4.o(.text)
    HardFault_Handler                        0x00000173   Thumb Code     2  startup_mkl25z4.o(.text)
    SVC_Handler                              0x00000175   Thumb Code     2  startup_mkl25z4.o(.text)
    PendSV_Handler                           0x00000177   Thumb Code     2  startup_mkl25z4.o(.text)
    SysTick_Handler                          0x00000179   Thumb Code     2  startup_mkl25z4.o(.text)
    ADC0_IRQHandler                          0x0000017b   Thumb Code     0  startup_mkl25z4.o(.text)
    CMP0_IRQHandler                          0x0000017b   Thumb Code     0  startup_mkl25z4.o(.text)
    DAC0_IRQHandler                          0x0000017b   Thumb Code     0  startup_mkl25z4.o(.text)
    DMA0_IRQHandler                          0x0000017b   Thumb Code     0  startup_mkl25z4.o(.text)
    DMA1_IRQHandler                          0x0000017b   Thumb Code     0  startup_mkl25z4.o(.text)
    DMA2_IRQHandler                          0x0000017b   Thumb Code     0  startup_mkl25z4.o(.text)
    DMA3_IRQHandler                          0x0000017b   Thumb Code     0  startup_mkl25z4.o(.text)
    DefaultISR                               0x0000017b   Thumb Code     0  startup_mkl25z4.o(.text)
    FTFA_IRQHandler                          0x0000017b   Thumb Code     0  startup_mkl25z4.o(.text)
    I2C0_IRQHandler                          0x0000017b   Thumb Code     0  startup_mkl25z4.o(.text)
    I2C1_IRQHandler                          0x0000017b   Thumb Code     0  startup_mkl25z4.o(.text)
    LLWU_IRQHandler                          0x0000017b   Thumb Code     0  startup_mkl25z4.o(.text)
    LPTMR0_IRQHandler                        0x0000017b   Thumb Code     0  startup_mkl25z4.o(.text)
    LVD_LVW_IRQHandler                       0x0000017b   Thumb Code     0  startup_mkl25z4.o(.text)
    MCG_IRQHandler                           0x0000017b   Thumb Code     0  startup_mkl25z4.o(.text)
    PIT_IRQHandler                           0x0000017b   Thumb Code     0  startup_mkl25z4.o(.text)
    PORTA_IRQHandler                         0x0000017b   Thumb Code     0  startup_mkl25z4.o(.text)
    PORTD_IRQHandler                         0x0000017b   Thumb Code     0  startup_mkl25z4.o(.text)
    RTC_IRQHandler                           0x0000017b   Thumb Code     0  startup_mkl25z4.o(.text)
    RTC_Seconds_IRQHandler                   0x0000017b   Thumb Code     0  startup_mkl25z4.o(.text)
    Reserved20_IRQHandler                    0x0000017b   Thumb Code     0  startup_mkl25z4.o(.text)
    Reserved39_IRQHandler                    0x0000017b   Thumb Code     0  startup_mkl25z4.o(.text)
    Reserved45_IRQHandler                    0x0000017b   Thumb Code     0  startup_mkl25z4.o(.text)
    SPI0_IRQHandler                          0x0000017b   Thumb Code     0  startup_mkl25z4.o(.text)
    SPI1_IRQHandler                          0x0000017b   Thumb Code     0  startup_mkl25z4.o(.text)
    TPM0_IRQHandler                          0x0000017b   Thumb Code     0  startup_mkl25z4.o(.text)
    TPM1_IRQHandler                          0x0000017b   Thumb Code     0  startup_mkl25z4.o(.text)
    TPM2_IRQHandler                          0x0000017b   Thumb Code     0  startup_mkl25z4.o(.text)
    TSI0_IRQHandler                          0x0000017b   Thumb Code     0  startup_mkl25z4.o(.text)
    UART0_IRQHandler                         0x0000017b   Thumb Code     0  startup_mkl25z4.o(.text)
    UART1_IRQHandler                         0x0000017b   Thumb Code     0  startup_mkl25z4.o(.text)
    USB0_IRQHandler                          0x0000017b   Thumb Code     0  startup_mkl25z4.o(.text)
    __user_initial_stackheap                 0x00000181   Thumb Code     0  startup_mkl25z4.o(.text)
    __use_two_region_memory                  0x000001a5   Thumb Code     2  heapauxi.o(.text)
    __rt_heap_escrow$2region                 0x000001a7   Thumb Code     2  heapauxi.o(.text)
    __rt_heap_expand$2region                 0x000001a9   Thumb Code     2  heapauxi.o(.text)
    __user_setup_stackheap                   0x000001ab   Thumb Code    62  sys_stackheap_outer.o(.text)
    exit                                     0x000001e9   Thumb Code    16  exit.o(.text)
    __user_libspace                          0x000001f9   Thumb Code     8  libspace.o(.text)
    __user_perproc_libspace                  0x000001f9   Thumb Code     0  libspace.o(.text)
    __user_perthread_libspace                0x000001f9   Thumb Code     0  libspace.o(.text)
    _sys_exit                                0x00000201   Thumb Code     8  sys_exit.o(.text)
    __I$use$semihosting                      0x0000020d   Thumb Code     0  use_no_semi.o(.text)
    __use_no_semihosting_swi                 0x0000020d   Thumb Code     2  use_no_semi.o(.text)
    __semihosting_library_function           0x0000020f   Thumb Code     0  indicate_semi.o(.text)
    Get_WiFi_Init_Status                     0x00000211   Thumb Code     8  wifi_driver.o(.text.Get_WiFi_Init_Status)
    Get_WiFi_SelfTest_Status                 0x0000021d   Thumb Code     8  wifi_driver.o(.text.Get_WiFi_SelfTest_Status)
    Q_Dequeue                                0x00000229   Thumb Code   100  queue.o(.text.Q_Dequeue)
    Q_Empty                                  0x0000028d   Thumb Code    16  queue.o(.text.Q_Empty)
    Q_Enqueue                                0x0000029d   Thumb Code    96  queue.o(.text.Q_Enqueue)
    Q_Full                                   0x00000301   Thumb Code    20  queue.o(.text.Q_Full)
    Run_Application                          0x00000319   Thumb Code   124  main.o(.text.Run_Application)
    Run_Barcode_Driver                       0x00000399   Thumb Code    60  barcode_driver.o(.text.Run_Barcode_Driver)
    Region$$Table$$Base                      0x000003d8   Number         0  anon$$obj.o(Region$$Table)
    Region$$Table$$Limit                     0x000003f8   Number         0  anon$$obj.o(Region$$Table)
    Run_LCD_Driver                           0x00000411   Thumb Code    60  lcd_driver.o(.text.Run_LCD_Driver)
    SystemInit                               0x00000451   Thumb Code   256  system_mkl25z4.o(.text.SystemInit)
    UART2_IRQHandler                         0x000005a1   Thumb Code   120  wifi_uart.o(.text.UART2_IRQHandler)
    main                                     0x0000062d   Thumb Code    32  main.o(.text.main)
    __libspace_start                         0x1ffff008   Data          96  libspace.o(.bss)
    __temporary_stack_top$libspace           0x1ffff068   Data           0  libspace.o(.bss)
    WiFi_UART_RxQ                            0x1ffff074   Data         524  wifi_uart.o(.bss.WiFi_UART_RxQ)
    WiFi_UART_TxQ                            0x1ffff280   Data         524  wifi_uart.o(.bss.WiFi_UART_TxQ)



==============================================================================

Memory Map of the image

  Image Entry point : 0x00000165

  Load Region LR_1 (Base: 0x00000000, Size: 0x00000654, Max: 0xffffffff, ABSOLUTE)

    Execution Region ER_RO (Exec base: 0x00000000, Load base: 0x00000000, Size: 0x00000650, Max: 0xffffffff, ABSOLUTE)

    Exec Addr    Load Addr    Size         Type   Attr      Idx    E Section Name        Object

    0x00000000   0x00000000   0x000000c0   Data   RO          131    RESET               startup_mkl25z4.o
    0x000000c0   0x000000c0   0x00000008   Code   RO          165  * !!!main             c_p.l(__main.o)
    0x000000c8   0x000000c8   0x0000003c   Code   RO          348    !!!scatter          c_p.l(__scatter.o)
    0x00000104   0x00000104   0x0000001a   Code   RO          350    !!handler_copy      c_p.l(__scatter_copy.o)
    0x0000011e   0x0000011e   0x00000002   PAD
    0x00000120   0x00000120   0x0000001c   Code   RO          352    !!handler_zi        c_p.l(__scatter_zi.o)
    0x0000013c   0x0000013c   0x00000002   Code   RO          211    .ARM.Collect$$libinit$$00000000  c_p.l(libinit.o)
    0x0000013e   0x0000013e   0x00000000   Code   RO          225    .ARM.Collect$$libinit$$00000002  c_p.l(libinit2.o)
    0x0000013e   0x0000013e   0x00000000   Code   RO          227    .ARM.Collect$$libinit$$00000004  c_p.l(libinit2.o)
    0x0000013e   0x0000013e   0x00000000   Code   RO          230    .ARM.Collect$$libinit$$0000000A  c_p.l(libinit2.o)
    0x0000013e   0x0000013e   0x00000000   Code   RO          232    .ARM.Collect$$libinit$$0000000C  c_p.l(libinit2.o)
    0x0000013e   0x0000013e   0x00000000   Code   RO          234    .ARM.Collect$$libinit$$0000000E  c_p.l(libinit2.o)
    0x0000013e   0x0000013e   0x00000000   Code   RO          237    .ARM.Collect$$libinit$$00000011  c_p.l(libinit2.o)
    0x0000013e   0x0000013e   0x00000000   Code   RO          239    .ARM.Collect$$libinit$$00000013  c_p.l(libinit2.o)
    0x0000013e   0x0000013e   0x00000000   Code   RO          241    .ARM.Collect$$libinit$$00000015  c_p.l(libinit2.o)
    0x0000013e   0x0000013e   0x00000000   Code   RO          243    .ARM.Collect$$libinit$$00000017  c_p.l(libinit2.o)
    0x0000013e   0x0000013e   0x00000000   Code   RO          245    .ARM.Collect$$libinit$$00000019  c_p.l(libinit2.o)
    0x0000013e   0x0000013e   0x00000000   Code   RO          247    .ARM.Collect$$libinit$$0000001B  c_p.l(libinit2.o)
    0x0000013e   0x0000013e   0x00000000   Code   RO          249    .ARM.Collect$$libinit$$0000001D  c_p.l(libinit2.o)
    0x0000013e   0x0000013e   0x00000000   Code   RO          251    .ARM.Collect$$libinit$$0000001F  c_p.l(libinit2.o)
    0x0000013e   0x0000013e   0x00000000   Code   RO          253    .ARM.Collect$$libinit$$00000021  c_p.l(libinit2.o)
    0x0000013e   0x0000013e   0x00000000   Code   RO          255    .ARM.Collect$$libinit$$00000023  c_p.l(libinit2.o)
    0x0000013e   0x0000013e   0x00000000   Code   RO          257    .ARM.Collect$$libinit$$00000025  c_p.l(libinit2.o)
    0x0000013e   0x0000013e   0x00000000   Code   RO          261    .ARM.Collect$$libinit$$0000002C  c_p.l(libinit2.o)
    0x0000013e   0x0000013e   0x00000000   Code   RO          263    .ARM.Collect$$libinit$$0000002E  c_p.l(libinit2.o)
    0x0000013e   0x0000013e   0x00000000   Code   RO          265    .ARM.Collect$$libinit$$00000030  c_p.l(libinit2.o)
    0x0000013e   0x0000013e   0x00000000   Code   RO          267    .ARM.Collect$$libinit$$00000032  c_p.l(libinit2.o)
    0x0000013e   0x0000013e   0x00000002   Code   RO          268    .ARM.Collect$$libinit$$00000033  c_p.l(libinit2.o)
    0x00000140   0x00000140   0x00000002   Code   RO          303    .ARM.Collect$$libshutdown$$00000000  c_p.l(libshutdown.o)
    0x00000142   0x00000142   0x00000000   Code   RO          331    .ARM.Collect$$libshutdown$$00000002  c_p.l(libshutdown2.o)
    0x00000142   0x00000142   0x00000000   Code   RO          333    .ARM.Collect$$libshutdown$$00000004  c_p.l(libshutdown2.o)
    0x00000142   0x00000142   0x00000000   Code   RO          336    .ARM.Collect$$libshutdown$$00000007  c_p.l(libshutdown2.o)
    0x00000142   0x00000142   0x00000000   Code   RO          339    .ARM.Collect$$libshutdown$$0000000A  c_p.l(libshutdown2.o)
    0x00000142   0x00000142   0x00000000   Code   RO          341    .ARM.Collect$$libshutdown$$0000000C  c_p.l(libshutdown2.o)
    0x00000142   0x00000142   0x00000000   Code   RO          344    .ARM.Collect$$libshutdown$$0000000F  c_p.l(libshutdown2.o)
    0x00000142   0x00000142   0x00000002   Code   RO          345    .ARM.Collect$$libshutdown$$00000010  c_p.l(libshutdown2.o)
    0x00000144   0x00000144   0x00000000   Code   RO          174    .ARM.Collect$$rtentry$$00000000  c_p.l(__rtentry.o)
    0x00000144   0x00000144   0x00000000   Code   RO          181    .ARM.Collect$$rtentry$$00000002  c_p.l(__rtentry2.o)
    0x00000144   0x00000144   0x00000006   Code   RO          193    .ARM.Collect$$rtentry$$00000004  c_p.l(__rtentry4.o)
    0x0000014a   0x0000014a   0x00000000   Code   RO          183    .ARM.Collect$$rtentry$$00000009  c_p.l(__rtentry2.o)
    0x0000014a   0x0000014a   0x00000004   Code   RO          184    .ARM.Collect$$rtentry$$0000000A  c_p.l(__rtentry2.o)
    0x0000014e   0x0000014e   0x00000000   Code   RO          186    .ARM.Collect$$rtentry$$0000000C  c_p.l(__rtentry2.o)
    0x0000014e   0x0000014e   0x00000008   Code   RO          187    .ARM.Collect$$rtentry$$0000000D  c_p.l(__rtentry2.o)
    0x00000156   0x00000156   0x00000002   Code   RO          216    .ARM.Collect$$rtexit$$00000000  c_p.l(rtexit.o)
    0x00000158   0x00000158   0x00000000   Code   RO          274    .ARM.Collect$$rtexit$$00000002  c_p.l(rtexit2.o)
    0x00000158   0x00000158   0x00000004   Code   RO          275    .ARM.Collect$$rtexit$$00000003  c_p.l(rtexit2.o)
    0x0000015c   0x0000015c   0x00000006   Code   RO          276    .ARM.Collect$$rtexit$$00000004  c_p.l(rtexit2.o)
    0x00000162   0x00000162   0x00000002   PAD
    0x00000164   0x00000164   0x00000040   Code   RO          133  * .text               startup_mkl25z4.o
    0x000001a4   0x000001a4   0x00000006   Code   RO          163    .text               c_p.l(heapauxi.o)
    0x000001aa   0x000001aa   0x0000003e   Code   RO          197    .text               c_p.l(sys_stackheap_outer.o)
    0x000001e8   0x000001e8   0x00000010   Code   RO          200    .text               c_p.l(exit.o)
    0x000001f8   0x000001f8   0x00000008   Code   RO          212    .text               c_p.l(libspace.o)
    0x00000200   0x00000200   0x0000000c   Code   RO          269    .text               c_p.l(sys_exit.o)
    0x0000020c   0x0000020c   0x00000002   Code   RO          292    .text               c_p.l(use_no_semi.o)
    0x0000020e   0x0000020e   0x00000000   Code   RO          294    .text               c_p.l(indicate_semi.o)
    0x0000020e   0x0000020e   0x00000002   PAD
    0x00000210   0x00000210   0x0000000c   Code   RO           44    .text.Get_WiFi_Init_Status  wifi_driver.o
    0x0000021c   0x0000021c   0x0000000c   Code   RO           46    .text.Get_WiFi_SelfTest_Status  wifi_driver.o
    0x00000228   0x00000228   0x00000064   Code   RO          113    .text.Q_Dequeue     queue.o
    0x0000028c   0x0000028c   0x00000010   Code   RO          105    .text.Q_Empty       queue.o
    0x0000029c   0x0000029c   0x00000064   Code   RO          111    .text.Q_Enqueue     queue.o
    0x00000300   0x00000300   0x00000018   Code   RO          107    .text.Q_Full        queue.o
    0x00000318   0x00000318   0x00000080   Code   RO            4    .text.Run_Application  main.o
    0x00000398   0x00000398   0x00000040   Code   RO           20    .text.Run_Barcode_Driver  barcode_driver.o
    0x000003d8   0x000003d8   0x00000020   Data   RO          347    Region$$Table       anon$$obj.o
    0x000003f8   0x000003f8   0x00000008   PAD
    0x00000400   0x00000400   0x00000010   Code   RO          132    .ARM.__at_0x400     startup_mkl25z4.o
    0x00000410   0x00000410   0x00000040   Code   RO           29    .text.Run_LCD_Driver  lcd_driver.o
    0x00000450   0x00000450   0x00000150   Code   RO          142    .text.SystemInit    system_mkl25z4.o
    0x000005a0   0x000005a0   0x0000008c   Code   RO           82    .text.UART2_IRQHandler  wifi_uart.o
    0x0000062c   0x0000062c   0x00000024   Code   RO            2    .text.main          main.o


    Execution Region ER_RW (Exec base: 0x1ffff000, Load base: 0x00000650, Size: 0x00000004, Max: 0xffffffff, ABSOLUTE)

    Exec Addr    Load Addr    Size         Type   Attr      Idx    E Section Name        Object

    0x1ffff000   0x00000650   0x00000001   Data   RW           22    .data.Barcode_State  barcode_driver.o
    0x1ffff001   0x00000651   0x00000001   Data   RW           31    .data.LCD_State     lcd_driver.o
    0x1ffff002   0x00000652   0x00000001   Data   RW           10    .data.Shopping_Cart_App_State  main.o


    Execution Region ER_ZI (Exec base: 0x1ffff008, Load base: 0x00000654, Size: 0x00000588, Max: 0xffffffff, ABSOLUTE)

    Exec Addr    Load Addr    Size         Type   Attr      Idx    E Section Name        Object

    0x1ffff008        -       0x00000060   Zero   RW          213    .bss                c_p.l(libspace.o)
    0x1ffff068        -       0x00000004   Zero   RW           11    .bss.ShoppingList   main.o
    0x1ffff06c        -       0x00000004   Zero   RW           50    .bss.WiFi_Init_State  wifi_driver.o
    0x1ffff070        -       0x00000004   Zero   RW           52    .bss.WiFi_SelfTest_State  wifi_driver.o
    0x1ffff074        -       0x0000020c   Zero   RW           91    .bss.WiFi_UART_RxQ  wifi_uart.o
    0x1ffff280        -       0x0000020c   Zero   RW           90    .bss.WiFi_UART_TxQ  wifi_uart.o
    0x1ffff48c   0x00000654   0x00000004   PAD
    0x1ffff490        -       0x00000000   Zero   RW          130    HEAP                startup_mkl25z4.o
    0x1ffff490        -       0x00000100   Zero   RW          129    STACK               startup_mkl25z4.o


==============================================================================

Image component sizes


      Code (inc. data)   RO Data    RW Data    ZI Data      Debug   Object Name

        64         24          0          1          0        693   barcode_driver.o
        64         24          0          1          0        679   lcd_driver.o
       164         36          0          1          4       1392   main.o
       240          8          0          0          0       2218   queue.o
        80         44        192          0        256        948   startup_mkl25z4.o
       336         80          0          0          0       3351   system_mkl25z4.o
        24          8          0          0          8       2104   wifi_driver.o
       140         20          0          0       1048       5843   wifi_uart.o

    ----------------------------------------------------------------------
      1112        244        232          4       1320      17228   Object Totals
         0          0         32          0          0          0   (incl. Generated)
         0          0          8          1          4          0   (incl. Padding)

    ----------------------------------------------------------------------

      Code (inc. data)   RO Data    RW Data    ZI Data      Debug   Library Member Name

         8          0          0          0          0         68   __main.o
         0          0          0          0          0          0   __rtentry.o
        12          0          0          0          0          0   __rtentry2.o
         6          0          0          0          0          0   __rtentry4.o
        60          8          0          0          0          0   __scatter.o
        26          0          0          0          0          0   __scatter_copy.o
        28          0          0          0          0          0   __scatter_zi.o
        16          0          0          0          0         68   exit.o
         6          0          0          0          0        136   heapauxi.o
         0          0          0          0          0          0   indicate_semi.o
         2          0          0          0          0          0   libinit.o
         2          0          0          0          0          0   libinit2.o
         2          0          0          0          0          0   libshutdown.o
         2          0          0          0          0          0   libshutdown2.o
         8          4          0          0         96         68   libspace.o
         2          0          0          0          0          0   rtexit.o
        10          0          0          0          0          0   rtexit2.o
        12          4          0          0          0         60   sys_exit.o
        62          0          0          0          0         80   sys_stackheap_outer.o
         2          0          0          0          0         68   use_no_semi.o

    ----------------------------------------------------------------------
       272         16          0          0         96        548   Library Totals
         6          0          0          0          0          0   (incl. Padding)

    ----------------------------------------------------------------------

      Code (inc. data)   RO Data    RW Data    ZI Data      Debug   Library Name

       266         16          0          0         96        548   c_p.l

    ----------------------------------------------------------------------
       272         16          0          0         96        548   Library Totals

    ----------------------------------------------------------------------

==============================================================================


      Code (inc. data)   RO Data    RW Data    ZI Data      Debug   

      1384        260        232          4       1416      17564   Grand Totals
      1384        260        232          4       1416      17564   ELF Image Totals
      1384        260        232          4          0          0   ROM Totals

==============================================================================

    Total RO  Size (Code + RO Data)                 1616 (   1.58kB)
    Total RW  Size (RW Data + ZI Data)              1420 (   1.39kB)
    Total ROM Size (Code + RO Data + RW Data)       1620 (   1.58kB)

==============================================================================

