Component: ARM Compiler 6.16 Tool: armlink [5dfeaa00]

==============================================================================

Section Cross References

    main.o(.text.main) refers to lcd.o(.text.LCD_Init) for LCD_Init
    main.o(.text.main) refers to lcd.o(.text.LCD_GoToLine) for LCD_GoToLine
    main.o(.text.main) refers to lcd.o(.text.LCD_DisplayString) for LCD_DisplayString
    main.o(.text.main) refers to gpio.o(.text.Init_GPIO) for Init_GPIO
    main.o(.text.main) refers to main.o(.text.Clear_Shopping_list) for Clear_Shopping_list
    main.o(.text.main) refers to wifi_driver.o(.text.Run_WiFi_Driver) for Run_WiFi_Driver
    main.o(.text.main) refers to barcode_driver.o(.text.Run_Barcode_Driver) for Run_Barcode_Driver
    main.o(.text.main) refers to main.o(.text.Run_Application) for Run_Application
    main.o(.text.main) refers to main.o(.text.Display_Item_info) for Display_Item_info
    main.o(.text.main) refers to main.o(.data.Shopping_Cart_App_State) for [Anonymous Symbol]
    main.o(.text.main) refers to main.o(.rodata.str1.1) for [Anonymous Symbol]
    main.o(.ARM.exidx.text.main) refers to main.o(.text.main) for [Anonymous Symbol]
    main.o(.text.Clear_Shopping_list) refers to shopping_list_struct.o(.text.ClearList) for ClearList
    main.o(.text.Clear_Shopping_list) refers to main.o(.bss.ShoppingList) for ShoppingList
    main.o(.ARM.exidx.text.Clear_Shopping_list) refers to main.o(.text.Clear_Shopping_list) for [Anonymous Symbol]
    main.o(.text.Run_Application) refers to main.o(.data.Shopping_Cart_App_State) for [Anonymous Symbol]
    main.o(.text.Run_Application) refers to wifi_driver.o(.text.Get_WiFi_Init_Status) for Get_WiFi_Init_Status
    main.o(.text.Run_Application) refers to lcd.o(.text.LCD_Clear) for LCD_Clear
    main.o(.text.Run_Application) refers to lcd.o(.text.LCD_GoToLine) for LCD_GoToLine
    main.o(.text.Run_Application) refers to lcd.o(.text.LCD_DisplayString) for LCD_DisplayString
    main.o(.text.Run_Application) refers to gpio.o(.text.Clear_All_LEDs) for Clear_All_LEDs
    main.o(.text.Run_Application) refers to wifi_driver.o(.text.Get_WiFi_SelfTest_Status) for Get_WiFi_SelfTest_Status
    main.o(.text.Run_Application) refers to gpio.o(.text.LED_ctrl) for LED_ctrl
    main.o(.text.Run_Application) refers to wifi_driver.o(.text.Get_WiFi_Connection_Status) for Get_WiFi_Connection_Status
    main.o(.text.Run_Application) refers to gpio.o(.text.SW_status) for SW_status
    main.o(.text.Run_Application) refers to main.o(.text.Clear_Shopping_list) for Clear_Shopping_list
    main.o(.text.Run_Application) refers to wifi_driver.o(.text.Get_Server_Connection_Status) for Get_Server_Connection_Status
    main.o(.text.Run_Application) refers to wifi_driver.o(.text.Disconnect_Server) for Disconnect_Server
    main.o(.text.Run_Application) refers to barcode_driver.o(.text.Get_New_BC_Data) for Get_New_BC_Data
    main.o(.text.Run_Application) refers to wifi_driver.o(.text.Get_Item_info) for Get_Item_info
    main.o(.text.Run_Application) refers to shopping_list_struct.o(.text.insert) for insert
    main.o(.text.Run_Application) refers to main.o(.text.Display_Receipt) for Display_Receipt
    main.o(.text.Run_Application) refers to main.o(.bss.Main_Menu_LCD) for [Anonymous Symbol]
    main.o(.text.Run_Application) refers to main.o(.rodata.str1.1) for [Anonymous Symbol]
    main.o(.text.Run_Application) refers to main.o(.bss.Test_cnt) for [Anonymous Symbol]
    main.o(.text.Run_Application) refers to main.o(.bss.ListCnt) for [Anonymous Symbol]
    main.o(.text.Run_Application) refers to barcode_driver.o(.bss.BC_New_Data_Ready) for BC_New_Data_Ready
    main.o(.text.Run_Application) refers to main.o(.bss.ItemBarcode) for [Anonymous Symbol]
    main.o(.text.Run_Application) refers to main.o(.bss.ReadData_Server_Res) for [Anonymous Symbol]
    main.o(.text.Run_Application) refers to main.o(.bss.ShoppingList) for ShoppingList
    main.o(.text.Run_Application) refers to main.o(.bss.New_Data_Added_to_List) for [Anonymous Symbol]
    main.o(.ARM.exidx.text.Run_Application) refers to main.o(.text.Run_Application) for [Anonymous Symbol]
    main.o(.text.Display_Item_info) refers to lcd.o(.text.LCD_GoToLine) for LCD_GoToLine
    main.o(.text.Display_Item_info) refers to sprintf.o(.text) for sprintf
    main.o(.text.Display_Item_info) refers to strcat.o(.text) for strcat
    main.o(.text.Display_Item_info) refers to lcd.o(.text.LCD_DisplayString) for LCD_DisplayString
    main.o(.text.Display_Item_info) refers to main.o(.bss.New_Data_Added_to_List) for [Anonymous Symbol]
    main.o(.text.Display_Item_info) refers to main.o(.bss.ShoppingList) for ShoppingList
    main.o(.text.Display_Item_info) refers to main.o(.rodata.str1.1) for [Anonymous Symbol]
    main.o(.ARM.exidx.text.Display_Item_info) refers to main.o(.text.Display_Item_info) for [Anonymous Symbol]
    main.o(.text.Display_Receipt) refers to lcd.o(.text.LCD_GoToLine) for LCD_GoToLine
[...]
    __arm_cp.2_16                            0x00002910   Number         4  wifi_uart.o(.text.Init_UART2)
    [Anonymous Symbol]                       0x00002914   Section        0  wifi_driver.o(.text.Init_WiFi_Driver)
    [Anonymous Symbol]                       0x00002920   Section        0  lcd.o(.text.LCD_Clear)
    [Anonymous Symbol]                       0x00002936   Section        0  lcd.o(.text.LCD_CmdWrite)
    [Anonymous Symbol]                       0x000029ec   Section        0  lcd.o(.text.LCD_DisplayChar)
    [Anonymous Symbol]                       0x00002a34   Section        0  lcd.o(.text.LCD_DisplayString)
    [Anonymous Symbol]                       0x00002a58   Section        0  lcd.o(.text.LCD_GoToLine)
    [Anonymous Symbol]                       0x00002a8c   Section        0  lcd.o(.text.LCD_GoToNextLine)
    __arm_cp.6_0                             0x00002ac0   Number         4  lcd.o(.text.LCD_GoToNextLine)
    __arm_cp.6_1                             0x00002ac4   Number         4  lcd.o(.text.LCD_GoToNextLine)
    [Anonymous Symbol]                       0x00002ac8   Section        0  lcd.o(.text.LCD_Init)
    __arm_cp.1_0                             0x00002b6c   Number         4  lcd.o(.text.LCD_Init)
    __arm_cp.1_1                             0x00002b70   Number         4  lcd.o(.text.LCD_Init)
    __arm_cp.1_2                             0x00002b74   Number         4  lcd.o(.text.LCD_Init)
    [Anonymous Symbol]                       0x00002b78   Section        0  gpio.o(.text.LED_ctrl)
    __arm_cp.1_0                             0x00002bac   Number         4  gpio.o(.text.LED_ctrl)
    __arm_cp.1_1                             0x00002bb0   Number         4  gpio.o(.text.LED_ctrl)
    [Anonymous Symbol]                       0x00002bb4   Section        0  queue.o(.text.Q_Dequeue)
    [Anonymous Symbol]                       0x00002c18   Section        0  queue.o(.text.Q_Empty)
    [Anonymous Symbol]                       0x00002c28   Section        0  queue.o(.text.Q_Enqueue)
    __arm_cp.4_0                             0x00002c88   Number         4  queue.o(.text.Q_Enqueue)
    [Anonymous Symbol]                       0x00002c8c   Section        0  queue.o(.text.Q_Full)
    __arm_cp.2_0                             0x00002ca0   Number         4  queue.o(.text.Q_Full)
    [Anonymous Symbol]                       0x00002ca4   Section        0  queue.o(.text.Q_Init)
    [Anonymous Symbol]                       0x00002ce0   Section        0  main.o(.text.Return_App_FSM_State)
    __arm_cp.5_0                             0x00002ce8   Number         4  main.o(.text.Return_App_FSM_State)
    [Anonymous Symbol]                       0x00002cec   Section        0  main.o(.text.Run_Application)
    __arm_cp.2_35                            0x00003254   Number         4  main.o(.text.Run_Application)
    __arm_cp.2_36                            0x00003258   Number         4  main.o(.text.Run_Application)
    __arm_cp.2_37                            0x0000325c   Number         4  main.o(.text.Run_Application)
    __arm_cp.2_38                            0x00003260   Number         4  main.o(.text.Run_Application)
    __arm_cp.2_39                            0x00003264   Number         4  main.o(.text.Run_Application)
    __arm_cp.2_40                            0x00003268   Number         4  main.o(.text.Run_Application)
    __arm_cp.2_0                             0x0000326c   Number         4  main.o(.text.Run_Application)
    __arm_cp.2_1                             0x00003270   Number         4  main.o(.text.Run_Application)
    __arm_cp.2_2                             0x00003274   Number         4  main.o(.text.Run_Application)
    __arm_cp.2_3                             0x00003278   Number         4  main.o(.text.Run_Application)
    __arm_cp.2_4                             0x0000327c   Number         4  main.o(.text.Run_Application)
    __arm_cp.2_5                             0x00003280   Number         4  main.o(.text.Run_Application)
    __arm_cp.2_7                             0x00003284   Number         4  main.o(.text.Run_Application)
    __arm_cp.2_8                             0x00003288   Number         4  main.o(.text.Run_Application)
    __arm_cp.2_9                             0x0000328c   Number         4  main.o(.text.Run_Application)
    __arm_cp.2_10                            0x00003290   Number         4  main.o(.text.Run_Application)
    __arm_cp.2_11                            0x00003294   Number         4  main.o(.text.Run_Application)
    __arm_cp.2_12                            0x00003298   Number         4  main.o(.text.Run_Application)
    __arm_cp.2_13                            0x0000329c   Number         4  main.o(.text.Run_Application)
    __arm_cp.2_14                            0x000032a0   Number         4  main.o(.text.Run_Application)
    __arm_cp.2_15                            0x000032a4   Number         4  main.o(.text.Run_Application)
    __arm_cp.2_16                            0x000032a8   Number         4  main.o(.text.Run_Application)
    __arm_cp.2_17                            0x000032ac   Number         4  main.o(.text.Run_Application)
    __arm_cp.2_18                            0x000032b0   Number         4  main.o(.text.Run_Application)
    __arm_cp.2_19                            0x000032b4   Number         4  main.o(.text.Run_Application)
    __arm_cp.2_20                            0x000032b8   Number         4  main.o(.text.Run_Application)
    __arm_cp.2_21                            0x000032bc   Number         4  main.o(.text.Run_Application)
    __arm_cp.2_22                            0x000032c0   Number         4  main.o(.text.Run_Application)
    __arm_cp.2_23                            0x000032c4   Number         4  main.o(.text.Run_Application)
    __arm_cp.2_24                            0x000032c8   Number         4  main.o(.text.Run_Application)
    [Anonymous Symbol]                       0x000032cc   Section        0  barcode_driver.o(.text.Run_Barcode_Driver)
    __arm_cp.0_0                             0x00003338   Number         4  barcode_driver.o(.text.Run_Barcode_Driver)
    __arm_cp.0_1                             0x0000333c   Number         4  barcode_driver.o(.text.Run_Barcode_Driver)
    [Anonymous Symbol]                       0x00003340   Section        0  wifi_driver.o(.text.Run_WiFi_Driver)
    __arm_cp.1_0                             0x00003634   Number         4  wifi_driver.o(.text.Run_WiFi_Driver)
    __arm_cp.1_1                             0x00003638   Number         4  wifi_driver.o(.text.Run_WiFi_Driver)
    __arm_cp.1_2                             0x0000363c   Number         4  wifi_driver.o(.text.Run_WiFi_Driver)
    __arm_cp.1_3                             0x00003640   Number         4  wifi_driver.o(.text.Run_WiFi_Driver)
    __arm_cp.1_4                             0x00003644   Number         4  wifi_driver.o(.text.Run_WiFi_Driver)
    __arm_cp.1_5                             0x00003648   Number         4  wifi_driver.o(.text.Run_WiFi_Driver)
    __arm_cp.1_6                             0x0000364c   Number         4  wifi_driver.o(.text.Run_WiFi_Driver)
    __arm_cp.1_7                             0x00003650   Number         4  wifi_driver.o(.text.Run_WiFi_Driver)
    __arm_cp.1_8                             0x00003654   Number         4  wifi_driver.o(.text.Run_WiFi_Driver)
    __arm_cp.1_9                             0x00003658   Number         4  wifi_driver.o(.text.Run_WiFi_Driver)
    __arm_cp.1_10                            0x0000365c   Number         4  wifi_driver.o(.text.Run_WiFi_Driver)
    __arm_cp.1_11                            0x00003660   Number         4  wifi_driver.o(.text.Run_WiFi_Driver)
    __arm_cp.1_12                            0x00003664   Number         4  wifi_driver.o(.text.Run_WiFi_Driver)
    __arm_cp.1_13                            0x00003668   Number         4  wifi_driver.o(.text.Run_WiFi_Driver)
    __arm_cp.1_14                            0x0000366c   Number         4  wifi_driver.o(.text.Run_WiFi_Driver)
    __arm_cp.1_15                            0x00003670   Number         4  wifi_driver.o(.text.Run_WiFi_Driver)
    __arm_cp.1_16                            0x00003674   Number         4  wifi_driver.o(.text.Run_WiFi_Driver)
    [Anonymous Symbol]                       0x00003678   Section        0  gpio.o(.text.SW_status)
    __arm_cp.2_0                             0x0000371c   Number         4  gpio.o(.text.SW_status)
    [Anonymous Symbol]                       0x00003720   Section        0  wifi_uart.o(.text.Send_String)
    [Anonymous Symbol]                       0x0000377c   Section        0  barcode_driver.o(.text.Set_BC_Available_Flag)
    __arm_cp.3_0                             0x0000378c   Number         4  barcode_driver.o(.text.Set_BC_Available_Flag)
    [Anonymous Symbol]                       0x00003790   Section        0  system_mkl25z4.o(.text.SystemInit)
    __arm_cp.0_0                             0x00003890   Number         4  system_mkl25z4.o(.text.SystemInit)
    __arm_cp.0_1                             0x00003894   Number         4  system_mkl25z4.o(.text.SystemInit)
    __arm_cp.0_2                             0x00003898   Number         4  system_mkl25z4.o(.text.SystemInit)
    __arm_cp.0_3                             0x0000389c   Number         4  system_mkl25z4.o(.text.SystemInit)
    __arm_cp.0_4                             0x000038a0   Number         4  system_mkl25z4.o(.text.SystemInit)
    __arm_cp.0_5                             0x000038a4   Number         4  system_mkl25z4.o(.text.SystemInit)
    __arm_cp.0_6                             0x000038a8   Number         4  system_mkl25z4.o(.text.SystemInit)
    __arm_cp.0_7                             0x000038ac   Number         4  system_mkl25z4.o(.text.SystemInit)
    __arm_cp.0_8                             0x000038b0   Number         4  system_mkl25z4.o(.text.SystemInit)
    __arm_cp.0_9                             0x000038b4   Number         4  system_mkl25z4.o(.text.SystemInit)
    __arm_cp.0_10                            0x000038b8   Number         4  system_mkl25z4.o(.text.SystemInit)
    __arm_cp.0_11                            0x000038bc   Number         4  system_mkl25z4.o(.text.SystemInit)
    __arm_cp.0_12                            0x000038c0   Number         4  system_mkl25z4.o(.text.SystemInit)
    __arm_cp.0_13                            0x000038c4   Number         4  system_mkl25z4.o(.text.SystemInit)
    __arm_cp.0_14                            0x000038c8   Number         4  system_mkl25z4.o(.text.SystemInit)
    __arm_cp.0_15                            0x000038cc   Number         4  system_mkl25z4.o(.text.SystemInit)
    __arm_cp.0_16                            0x000038d0   Number         4  system_mkl25z4.o(.text.SystemInit)
    __arm_cp.0_17                            0x000038d4   Number         4  system_mkl25z4.o(.text.SystemInit)
    __arm_cp.0_18                            0x000038d8   Number         4  system_mkl25z4.o(.text.SystemInit)
    __arm_cp.0_19                            0x000038dc   Number         4  system_mkl25z4.o(.text.SystemInit)
    [Anonymous Symbol]                       0x000038e0   Section        0  barcode_uart.o(.text.UART0_IRQHandler)
    __arm_cp.6_0                             0x0000396c   Number         4  barcode_uart.o(.text.UART0_IRQHandler)
    __arm_cp.6_1                             0x00003970   Number         4  barcode_uart.o(.text.UART0_IRQHandler)
    __arm_cp.6_2                             0x00003974   Number         4  barcode_uart.o(.text.UART0_IRQHandler)
    __arm_cp.6_3                             0x00003978   Number         4  barcode_uart.o(.text.UART0_IRQHandler)
    __arm_cp.6_4                             0x0000397c   Number         4  barcode_uart.o(.text.UART0_IRQHandler)
    [Anonymous Symbol]                       0x00003980   Section        0  wifi_uart.o(.text.UART2_IRQHandler)
    __arm_cp.9_0                             0x000039f8   Number         4  wifi_uart.o(.text.UART2_IRQHandler)
    __arm_cp.9_1                             0x000039fc   Number         4  wifi_uart.o(.text.UART2_IRQHandler)
    __arm_cp.9_2                             0x00003a00   Number         4  wifi_uart.o(.text.UART2_IRQHandler)
    __arm_cp.9_3                             0x00003a04   Number         4  wifi_uart.o(.text.UART2_IRQHandler)
    __arm_cp.9_4                             0x00003a08   Number         4  wifi_uart.o(.text.UART2_IRQHandler)
    __NVIC_ClearPendingIRQ                   0x00003a0d   Thumb Code    40  wifi_uart.o(.text.__NVIC_ClearPendingIRQ)
    [Anonymous Symbol]                       0x00003a0c   Section        0  wifi_uart.o(.text.__NVIC_ClearPendingIRQ)
    __NVIC_ClearPendingIRQ                   0x00003a35   Thumb Code    40  barcode_uart.o(.text.__NVIC_ClearPendingIRQ)
    [Anonymous Symbol]                       0x00003a34   Section        0  barcode_uart.o(.text.__NVIC_ClearPendingIRQ)
    __arm_cp.2_0                             0x00003a5c   Number         4  barcode_uart.o(.text.__NVIC_ClearPendingIRQ)
    __NVIC_EnableIRQ                         0x00003a61   Thumb Code    40  wifi_uart.o(.text.__NVIC_EnableIRQ)
    [Anonymous Symbol]                       0x00003a60   Section        0  wifi_uart.o(.text.__NVIC_EnableIRQ)
    __NVIC_EnableIRQ                         0x00003a89   Thumb Code    40  barcode_uart.o(.text.__NVIC_EnableIRQ)
    [Anonymous Symbol]                       0x00003a88   Section        0  barcode_uart.o(.text.__NVIC_EnableIRQ)
    __arm_cp.3_0                             0x00003ab0   Number         4  barcode_uart.o(.text.__NVIC_EnableIRQ)
    __NVIC_SetPriority                       0x00003ab5   Thumb Code   128  wifi_uart.o(.text.__NVIC_SetPriority)
    [Anonymous Symbol]                       0x00003ab4   Section        0  wifi_uart.o(.text.__NVIC_SetPriority)
    __NVIC_SetPriority                       0x00003b35   Thumb Code   128  barcode_uart.o(.text.__NVIC_SetPriority)
    [Anonymous Symbol]                       0x00003b34   Section        0  barcode_uart.o(.text.__NVIC_SetPriority)
    __arm_cp.1_0                             0x00003bb4   Number         4  barcode_uart.o(.text.__NVIC_SetPriority)
    __arm_cp.1_1                             0x00003bb8   Number         4  barcode_uart.o(.text.__NVIC_SetPriority)
    [Anonymous Symbol]                       0x00003bbc   Section        0  i2c.o(.text.i2c_busy)
    __arm_cp.1_4                             0x00003c7c   Number         4  i2c.o(.text.i2c_busy)
    [Anonymous Symbol]                       0x00003c80   Section        0  i2c.o(.text.i2c_init)
    __arm_cp.0_0                             0x00003cc4   Number         4  i2c.o(.text.i2c_init)
    __arm_cp.0_1                             0x00003cc8   Number         4  i2c.o(.text.i2c_init)
    __arm_cp.0_2                             0x00003ccc   Number         4  i2c.o(.text.i2c_init)
    __arm_cp.0_3                             0x00003cd0   Number         4  i2c.o(.text.i2c_init)
    __arm_cp.0_4                             0x00003cd4   Number         4  i2c.o(.text.i2c_init)
    __arm_cp.0_6                             0x00003cd8   Number         4  i2c.o(.text.i2c_init)
    [Anonymous Symbol]                       0x00003cdc   Section        0  i2c.o(.text.i2c_wait)
    __arm_cp.2_0                             0x00003d3c   Number         4  i2c.o(.text.i2c_wait)
    __arm_cp.2_1                             0x00003d40   Number         4  i2c.o(.text.i2c_wait)
    [Anonymous Symbol]                       0x00003d44   Section        0  i2c.o(.text.i2c_write_byte)
    __arm_cp.7_0                             0x00003d8c   Number         4  i2c.o(.text.i2c_write_byte)
    __arm_cp.7_1                             0x00003d90   Number         4  i2c.o(.text.i2c_write_byte)
    [Anonymous Symbol]                       0x00003d94   Section        0  shopping_list_struct.o(.text.insert)
    lcd_DataWrite                            0x00003dd5   Thumb Code   182  lcd.o(.text.lcd_DataWrite)
    [Anonymous Symbol]                       0x00003dd4   Section        0  lcd.o(.text.lcd_DataWrite)
    [Anonymous Symbol]                       0x00003e8c   Section        0  main.o(.text.main)
    __arm_cp.0_0                             0x00003ee4   Number         4  main.o(.text.main)
    __arm_cp.0_1                             0x00003ee8   Number         4  main.o(.text.main)
    __arm_cp.0_2                             0x00003eec   Number         4  main.o(.text.main)
    [Anonymous Symbol]                       0x00003ef0   Section        0  wifi_driver.o(.text.read_data)
    [Anonymous Symbol]                       0x00003ff0   Section        0  wifi_driver.o(.text.read_data_from_Server)
    __arm_cp.8_0                             0x000042ac   Number         4  wifi_driver.o(.text.read_data_from_Server)
    __arm_cp.8_1                             0x000042b0   Number         4  wifi_driver.o(.text.read_data_from_Server)
    __arm_cp.8_2                             0x000042b4   Number         4  wifi_driver.o(.text.read_data_from_Server)
    i.__ARM_common_ll_muluu                  0x000042b8   Section        0  btod.o(i.__ARM_common_ll_muluu)
    i.__ARM_fpclassify                       0x000042e8   Section        0  fpclassify.o(i.__ARM_fpclassify)
    i._is_digit                              0x00004314   Section        0  __printf_wp.o(i._is_digit)
    locale$$code                             0x00004324   Section       44  lc_numeric_c.o(locale$$code)
    locale$$code                             0x00004350   Section       44  lc_ctype_c.o(locale$$code)
    x$fpl$printf1                            0x0000437c   Section       16  printf1.o(x$fpl$printf1)
    x$fpl$printf2                            0x0000438c   Section       16  printf2.o(x$fpl$printf2)
    ddiv_reciptbl                            0x0000439c   Data         128  ddiv.o(.constdata)
    .constdata                               0x0000439c   Section      128  ddiv.o(.constdata)
    x$fpl$usenofp                            0x0000439c   Section        0  usenofp.o(x$fpl$usenofp)
    initial_mbstate                          0x0000441c   Data           8  _printf_wctomb.o(.constdata)
    .constdata                               0x0000441c   Section        8  _printf_wctomb.o(.constdata)
    uc_hextab                                0x00004424   Data          20  _printf_hex_int_ll_ptr.o(.constdata)
    .constdata                               0x00004424   Section       40  _printf_hex_int_ll_ptr.o(.constdata)
    lc_hextab                                0x00004438   Data          20  _printf_hex_int_ll_ptr.o(.constdata)
    maptable                                 0x0000444c   Data          17  __printf_flags_ss_wp.o(.constdata)
    .constdata                               0x0000444c   Section       17  __printf_flags_ss_wp.o(.constdata)
    lc_hextab                                0x0000445d   Data          19  _printf_fp_hex.o(.constdata)
    .constdata                               0x0000445d   Section       38  _printf_fp_hex.o(.constdata)
    uc_hextab                                0x00004470   Data          19  _printf_fp_hex.o(.constdata)
    tenpwrs_x                                0x00004484   Data          60  bigflt0.o(.constdata)
    .constdata                               0x00004484   Section      148  bigflt0.o(.constdata)
    tenpwrs_i                                0x000044c0   Data          64  bigflt0.o(.constdata)
    [Anonymous Symbol]                       0x00004518   Section        0  main.o(.rodata.str1.1)
    [Anonymous Symbol]                       0x000046e1   Section        0  wifi_driver.o(.rodata.str1.1)
    locale$$data                             0x000047c8   Section       28  lc_numeric_c.o(locale$$data)
    __lcnum_c_name                           0x000047cc   Data           2  lc_numeric_c.o(locale$$data)
    __lcnum_c_start                          0x000047d4   Data           0  lc_numeric_c.o(locale$$data)
    __lcnum_c_point                          0x000047e0   Data           0  lc_numeric_c.o(locale$$data)
    __lcnum_c_thousands                      0x000047e2   Data           0  lc_numeric_c.o(locale$$data)
    __lcnum_c_grouping                       0x000047e3   Data           0  lc_numeric_c.o(locale$$data)
    __lcnum_c_end                            0x000047e4   Data           0  lc_numeric_c.o(locale$$data)
    locale$$data                             0x000047e4   Section      272  lc_ctype_c.o(locale$$data)
    __lcctype_c_name                         0x000047e8   Data           2  lc_ctype_c.o(locale$$data)
    __lcctype_c_start                        0x000047f0   Data           0  lc_ctype_c.o(locale$$data)
    __lcctype_c_end                          0x000048f4   Data           0  lc_ctype_c.o(locale$$data)
    ARR_LcdLineNumAddress_U8                 0x1ffff000   Data           4  lcd.o(.data.ARR_LcdLineNumAddress_U8)
    [Anonymous Symbol]                       0x1ffff000   Section        0  lcd.o(.data.ARR_LcdLineNumAddress_U8)
    Barcode_Data                             0x1ffff004   Data          14  barcode_driver.o(.data.Barcode_Data)
    [Anonymous Symbol]                       0x1ffff004   Section        0  barcode_driver.o(.data.Barcode_Data)
    Shopping_Cart_App_State                  0x1ffff012   Data           1  main.o(.data.Shopping_Cart_App_State)
    [Anonymous Symbol]                       0x1ffff012   Section        0  main.o(.data.Shopping_Cart_App_State)
    .bss                                     0x1ffff018   Section       96  libspace.o(.bss)
    BC_New_Code_Available                    0x1ffff078   Data           4  barcode_driver.o(.bss.BC_New_Code_Available)
    [Anonymous Symbol]                       0x1ffff078   Section        0  barcode_driver.o(.bss.BC_New_Code_Available)
    Barcode_State                            0x1ffff498   Data           1  barcode_driver.o(.bss.Barcode_State)
    [Anonymous Symbol]                       0x1ffff498   Section        0  barcode_driver.o(.bss.Barcode_State)
    ItemBarcode                              0x1ffff499   Data          12  main.o(.bss.ItemBarcode)
    [Anonymous Symbol]                       0x1ffff499   Section        0  main.o(.bss.ItemBarcode)
    LCDConfig                                0x1ffff4a5   Data           3  lcd.o(.bss.LCDConfig)
    [Anonymous Symbol]                       0x1ffff4a5   Section        0  lcd.o(.bss.LCDConfig)
    LCDConfig2                               0x1ffff4a8   Data           3  lcd.o(.bss.LCDConfig2)
    [Anonymous Symbol]                       0x1ffff4a8   Section        0  lcd.o(.bss.LCDConfig2)
    ListCnt                                  0x1ffff4ac   Data           4  main.o(.bss.ListCnt)
    [Anonymous Symbol]                       0x1ffff4ac   Section        0  main.o(.bss.ListCnt)
    Main_Menu_LCD                            0x1ffff4b0   Data           4  main.o(.bss.Main_Menu_LCD)
    [Anonymous Symbol]                       0x1ffff4b0   Section        0  main.o(.bss.Main_Menu_LCD)
    New_Data_Added_to_List                   0x1ffff4b4   Data           4  main.o(.bss.New_Data_Added_to_List)
    [Anonymous Symbol]                       0x1ffff4b4   Section        0  main.o(.bss.New_Data_Added_to_List)
    ReadData_Server_Res                      0x1ffff4b8   Data           4  main.o(.bss.ReadData_Server_Res)
    [Anonymous Symbol]                       0x1ffff4b8   Section        0  main.o(.bss.ReadData_Server_Res)
    Run_WiFi_Driver.FailCnt                  0x1ffff4bc   Data           2  wifi_driver.o(.bss.Run_WiFi_Driver.FailCnt)
    [Anonymous Symbol]                       0x1ffff4bc   Section        0  wifi_driver.o(.bss.Run_WiFi_Driver.FailCnt)
    Server_Status                            0x1ffff4c0   Data           4  wifi_driver.o(.bss.Server_Status)
    [Anonymous Symbol]                       0x1ffff4c0   Section        0  wifi_driver.o(.bss.Server_Status)
    Test_cnt                                 0x1ffff550   Data           4  main.o(.bss.Test_cnt)
    [Anonymous Symbol]                       0x1ffff550   Section        0  main.o(.bss.Test_cnt)
    WiFi_Connection_Status                   0x1ffff554   Data           4  wifi_driver.o(.bss.WiFi_Connection_Status)
    [Anonymous Symbol]                       0x1ffff554   Section        0  wifi_driver.o(.bss.WiFi_Connection_Status)
    WiFi_Init_State                          0x1ffff558   Data           4  wifi_driver.o(.bss.WiFi_Init_State)
    [Anonymous Symbol]                       0x1ffff558   Section        0  wifi_driver.o(.bss.WiFi_Init_State)
    WiFi_SelfTest_Status                     0x1ffff55c   Data           4  wifi_driver.o(.bss.WiFi_SelfTest_Status)
    [Anonymous Symbol]                       0x1ffff55c   Section        0  wifi_driver.o(.bss.WiFi_SelfTest_Status)
    WiFi_State                               0x1ffff560   Data           1  wifi_driver.o(.bss.WiFi_State)
    [Anonymous Symbol]                       0x1ffff560   Section        0  wifi_driver.o(.bss.WiFi_State)
    v_LcdTrackCursorPos_U8                   0x1ffff984   Data           1  lcd.o(.bss.v_LcdTrackCursorPos_U8)
    [Anonymous Symbol]                       0x1ffff984   Section        0  lcd.o(.bss.v_LcdTrackCursorPos_U8)
    Heap_Mem                                 0x1ffff988   Data           0  startup_mkl25z4.o(HEAP)
    Stack_Mem                                0x1ffff988   Data         256  startup_mkl25z4.o(STACK)
    HEAP                                     0x1ffff988   Section        0  startup_mkl25z4.o(HEAP)
    STACK                                    0x1ffff988   Section      256  startup_mkl25z4.o(STACK)
    __initial_sp                             0x1ffffa88   Data           0  startup_mkl25z4.o(STACK)

    Global Symbols

    Symbol Name                              Value     Ov Type        Size  Object(Section)

    BuildAttributes$$THM_ISAv3M$S$PE$A:L22$X:L11$S22$IEEE1$IW$~IW$USESV6$~STKCKD$USESV7$~SHL$OTIME$ROPI$IEEEJ$EBA8$UX$STANDARDLIB$REQ8$PRES8$EABIv2 0x00000000   Number         0  anon$$obj.o ABSOLUTE
    __Vectors                                0x00000000   Data           4  startup_mkl25z4.o(RESET)
    _printf_flags                            0x00000000   Number         0  printf_stubs.o ABSOLUTE
    _printf_return_value                     0x00000000   Number         0  printf_stubs.o ABSOLUTE
    _printf_sizespec                         0x00000000   Number         0  printf_stubs.o ABSOLUTE
    _printf_widthprec                        0x00000000   Number         0  printf_stubs.o ABSOLUTE
    __ARM_exceptions_init                     - Undefined Weak Reference
    __alloca_initialize                       - Undefined Weak Reference
    __arm_preinit_                            - Undefined Weak Reference
    __cpp_initialize__aeabi_                  - Undefined Weak Reference
    __cxa_finalize                            - Undefined Weak Reference
    __sigvec_lookup                           - Undefined Weak Reference
    _atexit_init                              - Undefined Weak Reference
    _call_atexit_fns                          - Undefined Weak Reference
    _clock_init                               - Undefined Weak Reference
    _fp_trap_init                             - Undefined Weak Reference
    _fp_trap_shutdown                         - Undefined Weak Reference
    _get_lc_collate                           - Undefined Weak Reference
    _get_lc_monetary                          - Undefined Weak Reference
    _get_lc_time                              - Undefined Weak Reference
    _getenv_init                              - Undefined Weak Reference
    _handle_redirection                       - Undefined Weak Reference
    _init_alloc                               - Undefined Weak Reference
    _init_user_alloc                          - Undefined Weak Reference
    _initio                                   - Undefined Weak Reference
    _printf_mbtowc                            - Undefined Weak Reference
    _printf_wc                                - Undefined Weak Reference
    _rand_init                                - Undefined Weak Reference
    _signal_finish                            - Undefined Weak Reference
    _signal_init                              - Undefined Weak Reference
    _terminate_alloc                          - Undefined Weak Reference
    _terminate_user_alloc                     - Undefined Weak Reference
    _terminateio                              - Undefined Weak Reference
    __Vectors_End                            0x000000c0   Data           0  startup_mkl25z4.o(RESET)
    __Vectors_Size                           0x000000c0   Number         0  startup_mkl25z4.o ABSOLUTE
    __main                                   0x000000c1   Thumb Code     8  __main.o(!!!main)
    __scatterload                            0x000000c9   Thumb Code     0  __scatter.o(!!!scatter)
    __scatterload_rt2                        0x000000c9   Thumb Code    52  __scatter.o(!!!scatter)
    __scatterload_rt2_thumb_only             0x000000c9   Thumb Code     0  __scatter.o(!!!scatter)
    __scatterload_null                       0x000000d9   Thumb Code     0  __scatter.o(!!!scatter)
    __scatterload_copy                       0x00000105   Thumb Code    26  __scatter_copy.o(!!handler_copy)
    __scatterload_zeroinit                   0x00000121   Thumb Code    28  __scatter_zi.o(!!handler_zi)
    _printf_percent                          0x0000013d   Thumb Code     0  _printf_percent.o(.ARM.Collect$$_printf_percent$$00000000)
    _printf_n                                0x0000013f   Thumb Code     0  _printf_n.o(.ARM.Collect$$_printf_percent$$00000001)
    _printf_p                                0x00000149   Thumb Code     0  _printf_p.o(.ARM.Collect$$_printf_percent$$00000002)
    _printf_f                                0x00000153   Thumb Code     0  _printf_f.o(.ARM.Collect$$_printf_percent$$00000003)
    _printf_e                                0x0000015d   Thumb Code     0  _printf_e.o(.ARM.Collect$$_printf_percent$$00000004)
    _printf_g                                0x00000167   Thumb Code     0  _printf_g.o(.ARM.Collect$$_printf_percent$$00000005)
    _printf_a                                0x00000171   Thumb Code     0  _printf_a.o(.ARM.Collect$$_printf_percent$$00000006)
    _printf_ll                               0x0000017b   Thumb Code     0  _printf_ll.o(.ARM.Collect$$_printf_percent$$00000007)
    _printf_i                                0x00000185   Thumb Code     0  _printf_i.o(.ARM.Collect$$_printf_percent$$00000008)
    _printf_d                                0x0000018f   Thumb Code     0  _printf_d.o(.ARM.Collect$$_printf_percent$$00000009)
    _printf_u                                0x00000199   Thumb Code     0  _printf_u.o(.ARM.Collect$$_printf_percent$$0000000A)
    _printf_o                                0x000001a3   Thumb Code     0  _printf_o.o(.ARM.Collect$$_printf_percent$$0000000B)
    _printf_x                                0x000001ad   Thumb Code     0  _printf_x.o(.ARM.Collect$$_printf_percent$$0000000C)
    _printf_lli                              0x000001b7   Thumb Code     0  _printf_lli.o(.ARM.Collect$$_printf_percent$$0000000D)
    _printf_lld                              0x000001c1   Thumb Code     0  _printf_lld.o(.ARM.Collect$$_printf_percent$$0000000E)
    _printf_llu                              0x000001cb   Thumb Code     0  _printf_llu.o(.ARM.Collect$$_printf_percent$$0000000F)
    _printf_llo                              0x000001d5   Thumb Code     0  _printf_llo.o(.ARM.Collect$$_printf_percent$$00000010)
    _printf_llx                              0x000001df   Thumb Code     0  _printf_llx.o(.ARM.Collect$$_printf_percent$$00000011)
    _printf_l                                0x000001e9   Thumb Code     0  _printf_l.o(.ARM.Collect$$_printf_percent$$00000012)
    _printf_c                                0x000001f3   Thumb Code     0  _printf_c.o(.ARM.Collect$$_printf_percent$$00000013)
    _printf_s                                0x000001fd   Thumb Code     0  _printf_s.o(.ARM.Collect$$_printf_percent$$00000014)
    _printf_lc                               0x00000207   Thumb Code     0  _printf_lc.o(.ARM.Collect$$_printf_percent$$00000015)
    _printf_ls                               0x00000211   Thumb Code     0  _printf_ls.o(.ARM.Collect$$_printf_percent$$00000016)
    _printf_percent_end                      0x0000021b   Thumb Code     0  _printf_percent_end.o(.ARM.Collect$$_printf_percent$$00000017)
    __rt_lib_init                            0x0000021f   Thumb Code     0  libinit.o(.ARM.Collect$$libinit$$00000000)
    __rt_lib_init_fp_1                       0x00000221   Thumb Code     0  libinit2.o(.ARM.Collect$$libinit$$00000002)
    __rt_lib_init_heap_1                     0x00000221   Thumb Code     0  libinit2.o(.ARM.Collect$$libinit$$0000000A)
    __rt_lib_init_lc_common                  0x00000221   Thumb Code     0  libinit2.o(.ARM.Collect$$libinit$$0000000F)
    __rt_lib_init_preinit_1                  0x00000221   Thumb Code     0  libinit2.o(.ARM.Collect$$libinit$$00000004)
    __rt_lib_init_rand_1                     0x00000221   Thumb Code     0  libinit2.o(.ARM.Collect$$libinit$$0000000E)
    __rt_lib_init_user_alloc_1               0x00000221   Thumb Code     0  libinit2.o(.ARM.Collect$$libinit$$0000000C)
    __rt_lib_init_lc_collate_1               0x00000227   Thumb Code     0  libinit2.o(.ARM.Collect$$libinit$$00000011)
    __rt_lib_init_lc_ctype_2                 0x00000227   Thumb Code     0  libinit2.o(.ARM.Collect$$libinit$$00000012)
    __rt_lib_init_lc_ctype_1                 0x00000233   Thumb Code     0  libinit2.o(.ARM.Collect$$libinit$$00000013)
    __rt_lib_init_lc_monetary_1              0x00000233   Thumb Code     0  libinit2.o(.ARM.Collect$$libinit$$00000015)
    __rt_lib_init_lc_numeric_2               0x00000233   Thumb Code     0  libinit2.o(.ARM.Collect$$libinit$$00000016)
    __rt_lib_init_alloca_1                   0x0000023d   Thumb Code     0  libinit2.o(.ARM.Collect$$libinit$$0000002E)
    __rt_lib_init_argv_1                     0x0000023d   Thumb Code     0  libinit2.o(.ARM.Collect$$libinit$$0000002C)
    __rt_lib_init_atexit_1                   0x0000023d   Thumb Code     0  libinit2.o(.ARM.Collect$$libinit$$0000001B)
    __rt_lib_init_clock_1                    0x0000023d   Thumb Code     0  libinit2.o(.ARM.Collect$$libinit$$00000021)
    __rt_lib_init_cpp_1                      0x0000023d   Thumb Code     0  libinit2.o(.ARM.Collect$$libinit$$00000032)
    __rt_lib_init_exceptions_1               0x0000023d   Thumb Code     0  libinit2.o(.ARM.Collect$$libinit$$00000030)
    __rt_lib_init_fp_trap_1                  0x0000023d   Thumb Code     0  libinit2.o(.ARM.Collect$$libinit$$0000001F)
    __rt_lib_init_getenv_1                   0x0000023d   Thumb Code     0  libinit2.o(.ARM.Collect$$libinit$$00000023)
    __rt_lib_init_lc_numeric_1               0x0000023d   Thumb Code     0  libinit2.o(.ARM.Collect$$libinit$$00000017)
    __rt_lib_init_lc_time_1                  0x0000023d   Thumb Code     0  libinit2.o(.ARM.Collect$$libinit$$00000019)
    __rt_lib_init_return                     0x0000023d   Thumb Code     0  libinit2.o(.ARM.Collect$$libinit$$00000033)
    __rt_lib_init_signal_1                   0x0000023d   Thumb Code     0  libinit2.o(.ARM.Collect$$libinit$$0000001D)
    __rt_lib_init_stdio_1                    0x0000023d   Thumb Code     0  libinit2.o(.ARM.Collect$$libinit$$00000025)
    __rt_lib_shutdown                        0x0000023f   Thumb Code     0  libshutdown.o(.ARM.Collect$$libshutdown$$00000000)
    __rt_lib_shutdown_cpp_1                  0x00000241   Thumb Code     0  libshutdown2.o(.ARM.Collect$$libshutdown$$00000002)
    __rt_lib_shutdown_fp_trap_1              0x00000241   Thumb Code     0  libshutdown2.o(.ARM.Collect$$libshutdown$$00000007)
    __rt_lib_shutdown_heap_1                 0x00000241   Thumb Code     0  libshutdown2.o(.ARM.Collect$$libshutdown$$0000000F)
    __rt_lib_shutdown_return                 0x00000241   Thumb Code     0  libshutdown2.o(.ARM.Collect$$libshutdown$$00000010)
    __rt_lib_shutdown_signal_1               0x00000241   Thumb Code     0  libshutdown2.o(.ARM.Collect$$libshutdown$$0000000A)
    __rt_lib_shutdown_stdio_1                0x00000241   Thumb Code     0  libshutdown2.o(.ARM.Collect$$libshutdown$$00000004)
    __rt_lib_shutdown_user_alloc_1           0x00000241   Thumb Code     0  libshutdown2.o(.ARM.Collect$$libshutdown$$0000000C)
    __rt_entry                               0x00000243   Thumb Code     0  __rtentry.o(.ARM.Collect$$rtentry$$00000000)
    __rt_entry_presh_1                       0x00000243   Thumb Code     0  __rtentry2.o(.ARM.Collect$$rtentry$$00000002)
    __rt_entry_sh                            0x00000243   Thumb Code     0  __rtentry4.o(.ARM.Collect$$rtentry$$00000004)
    __rt_entry_li                            0x00000249   Thumb Code     0  __rtentry2.o(.ARM.Collect$$rtentry$$0000000A)
    __rt_entry_postsh_1                      0x00000249   Thumb Code     0  __rtentry2.o(.ARM.Collect$$rtentry$$00000009)
    __rt_entry_main                          0x0000024d   Thumb Code     0  __rtentry2.o(.ARM.Collect$$rtentry$$0000000D)
    __rt_entry_postli_1                      0x0000024d   Thumb Code     0  __rtentry2.o(.ARM.Collect$$rtentry$$0000000C)
    __rt_exit                                0x00000255   Thumb Code     0  rtexit.o(.ARM.Collect$$rtexit$$00000000)
    __rt_exit_ls                             0x00000257   Thumb Code     0  rtexit2.o(.ARM.Collect$$rtexit$$00000003)
    __rt_exit_prels_1                        0x00000257   Thumb Code     0  rtexit2.o(.ARM.Collect$$rtexit$$00000002)
    __rt_exit_exit                           0x0000025b   Thumb Code     0  rtexit2.o(.ARM.Collect$$rtexit$$00000004)
    Reset_Handler                            0x00000261   Thumb Code    12  startup_mkl25z4.o(.text)
    NMI_Handler                              0x0000026d   Thumb Code     2  startup_mkl25z4.o(.text)
    HardFault_Handler                        0x0000026f   Thumb Code     2  startup_mkl25z4.o(.text)
    SVC_Handler                              0x00000271   Thumb Code     2  startup_mkl25z4.o(.text)
    PendSV_Handler                           0x00000273   Thumb Code     2  startup_mkl25z4.o(.text)
    SysTick_Handler                          0x00000275   Thumb Code     2  startup_mkl25z4.o(.text)
    ADC0_IRQHandler                          0x00000277   Thumb Code     0  startup_mkl25z4.o(.text)
    CMP0_IRQHandler                          0x00000277   Thumb Code     0  startup_mkl25z4.o(.text)
    DAC0_IRQHandler                          0x00000277   Thumb Code     0  startup_mkl25z4.o(.text)
    DMA0_IRQHandler                          0x00000277   Thumb Code     0  startup_mkl25z4.o(.text)
    DMA1_IRQHandler                          0x00000277   Thumb Code     0  startup_mkl25z4.o(.text)
    DMA2_IRQHandler                          0x00000277   Thumb Code     0  startup_mkl25z4.o(.text)
    DMA3_IRQHandler                          0x00000277   Thumb Code     0  startup_mkl25z4.o(.text)
    DefaultISR                               0x00000277   Thumb Code     0  startup_mkl25z4.o(.text)
    FTFA_IRQHandler                          0x00000277   Thumb Code     0  startup_mkl25z4.o(.text)
    I2C0_IRQHandler                          0x00000277   Thumb Code     0  startup_mkl25z4.o(.text)
    I2C1_IRQHandler                          0x00000277   Thumb Code     0  startup_mkl25z4.o(.text)
    LLWU_IRQHandler                          0x00000277   Thumb Code     0  startup_mkl25z4.o(.text)
    LPTMR0_IRQHandler                        0x00000277   Thumb Code     0  startup_mkl25z4.o(.text)
    LVD_LVW_IRQHandler                       0x00000277   Thumb Code     0  startup_mkl25z4.o(.text)
    MCG_IRQHandler                           0x00000277   Thumb Code     0  startup_mkl25z4.o(.text)
    PIT_IRQHandler                           0x00000277   Thumb Code     0  startup_mkl25z4.o(.text)
    PORTA_IRQHandler                         0x00000277   Thumb Code     0  startup_mkl25z4.o(.text)
    PORTD_IRQHandler                         0x00000277   Thumb Code     0  startup_mkl25z4.o(.text)
    RTC_IRQHandler                           0x00000277   Thumb Code     0  startup_mkl25z4.o(.text)
    RTC_Seconds_IRQHandler                   0x00000277   Thumb Code     0  startup_mkl25z4.o(.text)
    Reserved20_IRQHandler                    0x00000277   Thumb Code     0  startup_mkl25z4.o(.text)
    Reserved39_IRQHandler                    0x00000277   Thumb Code     0  startup_mkl25z4.o(.text)
    Reserved45_IRQHandler                    0x00000277   Thumb Code     0  startup_mkl25z4.o(.text)
    SPI0_IRQHandler                          0x00000277   Thumb Code     0  startup_mkl25z4.o(.text)
    SPI1_IRQHandler                          0x00000277   Thumb Code     0  startup_mkl25z4.o(.text)
    TPM0_IRQHandler                          0x00000277   Thumb Code     0  startup_mkl25z4.o(.text)
    TPM1_IRQHandler                          0x00000277   Thumb Code     0  startup_mkl25z4.o(.text)
    TPM2_IRQHandler                          0x00000277   Thumb Code     0  startup_mkl25z4.o(.text)
    TSI0_IRQHandler                          0x00000277   Thumb Code     0  startup_mkl25z4.o(.text)
    UART1_IRQHandler                         0x00000277   Thumb Code     0  startup_mkl25z4.o(.text)
    USB0_IRQHandler                          0x00000277   Thumb Code     0  startup_mkl25z4.o(.text)
    __user_initial_stackheap                 0x0000027d   Thumb Code     0  startup_mkl25z4.o(.text)
    sprintf                                  0x000002a1   Thumb Code    40  sprintf.o(.text)
    strcpy                                   0x000002cd   Thumb Code    70  strcpy.o(.text)
    strlen                                   0x00000319   Thumb Code    62  strlen.o(.text)
    strncmp                                  0x0000035d   Thumb Code   154  strncmp.o(.text)
    __I$use$semihosting                      0x000003fd   Thumb Code     0  use_no_semi.o(.text)
    __use_no_semihosting_swi                 0x000003fd   Thumb Code     2  use_no_semi.o(.text)
    __semihosting_library_function           0x000003ff   Thumb Code     0  indicate_semi.o(.text)
    strcat                                   0x00000411   Thumb Code    24  strcat.o(.text)
    strncpy                                  0x00000429   Thumb Code   104  strncpy.o(.text)
    __aeabi_uidiv                            0x00000495   Thumb Code     0  aeabi_sdiv.o(.text)
    __aeabi_uidivmod                         0x00000495   Thumb Code    20  aeabi_sdiv.o(.text)
    __aeabi_idiv                             0x000004a9   Thumb Code     0  aeabi_sdiv.o(.text)
    __aeabi_idivmod                          0x000004a9   Thumb Code   338  aeabi_sdiv.o(.text)
    __use_two_region_memory                  0x00000601   Thumb Code     2  heapauxi.o(.text)
    __rt_heap_escrow$2region                 0x00000603   Thumb Code     2  heapauxi.o(.text)
    __rt_heap_expand$2region                 0x00000605   Thumb Code     2  heapauxi.o(.text)
    __aeabi_ddiv                             0x00000609   Thumb Code     0  ddiv.o(.text)
    _ddiv                                    0x00000609   Thumb Code  1072  ddiv.o(.text)
    _drdiv                                   0x00000a39   Thumb Code    20  ddiv.o(.text)
    __aeabi_d2iz                             0x00000a51   Thumb Code     0  dfixi.o(.text)
    _dfix                                    0x00000a51   Thumb Code    98  dfixi.o(.text)
    __aeabi_i2d_normalise                    0x00000abd   Thumb Code    66  dflti.o(.text)
    __aeabi_i2d                              0x00000aff   Thumb Code    16  dflti.o(.text)
    _dflt                                    0x00000aff   Thumb Code     0  dflti.o(.text)
    __aeabi_ui2d                             0x00000b0f   Thumb Code     6  dflti.o(.text)
    _dfltu                                   0x00000b0f   Thumb Code     0  dflti.o(.text)
    _printf_pre_padding                      0x00000b15   Thumb Code    44  _printf_pad.o(.text)
    _printf_post_padding                     0x00000b41   Thumb Code    34  _printf_pad.o(.text)
    _printf_truncate_signed                  0x00000b63   Thumb Code    18  _printf_truncate.o(.text)
    _printf_truncate_unsigned                0x00000b75   Thumb Code    18  _printf_truncate.o(.text)
    _printf_str                              0x00000b87   Thumb Code    82  _printf_str.o(.text)
    _printf_int_dec                          0x00000bd9   Thumb Code    90  _printf_dec.o(.text)
    _printf_charcount                        0x00000c45   Thumb Code    38  _printf_charcount.o(.text)
    _printf_char_common                      0x00000c77   Thumb Code    32  _printf_char_common.o(.text)
    _sputc                                   0x00000c9d   Thumb Code    10  _sputc.o(.text)
    _printf_wctomb                           0x00000ca9   Thumb Code   182  _printf_wctomb.o(.text)
    _printf_longlong_dec                     0x00000d65   Thumb Code    94  _printf_longlong_dec.o(.text)
    _printf_longlong_oct                     0x00000dd5   Thumb Code    68  _printf_oct_int_ll.o(.text)
    _printf_int_oct                          0x00000e19   Thumb Code    24  _printf_oct_int_ll.o(.text)
    _printf_ll_oct                           0x00000e31   Thumb Code    10  _printf_oct_int_ll.o(.text)
    _printf_longlong_hex                     0x00000e45   Thumb Code    88  _printf_hex_int_ll_ptr.o(.text)
    _printf_int_hex                          0x00000e9d   Thumb Code    28  _printf_hex_int_ll_ptr.o(.text)
    _printf_ll_hex                           0x00000eb9   Thumb Code    10  _printf_hex_int_ll_ptr.o(.text)
    _printf_hex_ptr                          0x00000ec3   Thumb Code    22  _printf_hex_int_ll_ptr.o(.text)
    __printf                                 0x00000edd   Thumb Code   386  __printf_flags_ss_wp.o(.text)
    _memset_w                                0x00001065   Thumb Code    26  rt_memclr.o(.text)
    _memset                                  0x0000107f   Thumb Code    30  rt_memclr.o(.text)
    __aeabi_memclr                           0x0000109d   Thumb Code     4  rt_memclr.o(.text)
    __rt_memclr                              0x0000109d   Thumb Code     0  rt_memclr.o(.text)
    __aeabi_memclr4                          0x000010a1   Thumb Code     0  rt_memclr.o(.text)
    __aeabi_memclr8                          0x000010a1   Thumb Code     0  rt_memclr.o(.text)
    __rt_memclr_w                            0x000010a1   Thumb Code     4  rt_memclr.o(.text)
    _ll_udiv10                               0x000010a5   Thumb Code   122  lludiv10.o(.text)
    _printf_int_common                       0x0000111f   Thumb Code   176  _printf_intcommon.o(.text)
    _printf_fp_dec_real                      0x0000136d   Thumb Code   620  _printf_fp_dec.o(.text)
    _printf_fp_hex_real                      0x000015e5   Thumb Code   718  _printf_fp_hex.o(.text)
    _printf_cs_common                        0x000018bd   Thumb Code    22  _printf_char.o(.text)
    _printf_char                             0x000018d3   Thumb Code    16  _printf_char.o(.text)
    _printf_string                           0x000018e3   Thumb Code     8  _printf_char.o(.text)
    _printf_lcs_common                       0x000018eb   Thumb Code    22  _printf_wchar.o(.text)
    _printf_wchar                            0x00001901   Thumb Code    16  _printf_wchar.o(.text)
    _printf_wstring                          0x00001911   Thumb Code     8  _printf_wchar.o(.text)
    _c16rtomb                                0x00001919   Thumb Code    66  _c16rtomb.o(.text)
    _wcrtomb                                 0x00001919   Thumb Code     0  _c16rtomb.o(.text)
    __rt_udiv10                              0x0000195b   Thumb Code    40  rtudiv10.o(.text)
    __user_setup_stackheap                   0x00001983   Thumb Code    62  sys_stackheap_outer.o(.text)
    __rt_ctype_table                         0x000019c1   Thumb Code    16  rt_ctype_table.o(.text)
    __rt_locale                              0x000019d1   Thumb Code     8  rt_locale_intlibspace.o(.text)
    _printf_fp_infnan                        0x000019d9   Thumb Code   120  _printf_fp_infnan.o(.text)
    _btod_etento                             0x00001a61   Thumb Code   210  bigflt0.o(.text)
    _btod_d2e                                0x00001b39   Thumb Code    64  btod.o(.text)
    _btod_emul                               0x00001f6d   Thumb Code    28  btod.o(.text)
    _btod_emuld                              0x00001f89   Thumb Code   144  btod.o(.text)
    _btod_ediv                               0x00002019   Thumb Code    26  btod.o(.text)
    _btod_edivd                              0x00002033   Thumb Code   124  btod.o(.text)
    exit                                     0x000020b9   Thumb Code    16  exit.o(.text)
    __user_libspace                          0x000020c9   Thumb Code     8  libspace.o(.text)
    __user_perproc_libspace                  0x000020c9   Thumb Code     0  libspace.o(.text)
    __user_perthread_libspace                0x000020c9   Thumb Code     0  libspace.o(.text)
    strcmp                                   0x000020d1   Thumb Code   132  strcmp.o(.text)
    _sys_exit                                0x00002159   Thumb Code     8  sys_exit.o(.text)
    ClearList                                0x00002165   Thumb Code    44  shopping_list_struct.o(.text.ClearList)
    Clear_All_LEDs                           0x00002195   Thumb Code    42  gpio.o(.text.Clear_All_LEDs)
    Clear_Shopping_list                      0x000021c1   Thumb Code    48  main.o(.text.Clear_Shopping_list)
    Delay                                    0x000021f1   Thumb Code    36  delay.o(.text.Delay)
    Disconnect_Server                        0x00002219   Thumb Code    24  wifi_driver.o(.text.Disconnect_Server)
    Display_Item_info                        0x00002235   Thumb Code   196  main.o(.text.Display_Item_info)
    Display_Receipt                          0x00002301   Thumb Code   208  main.o(.text.Display_Receipt)
    Extract_BC_data                          0x000023e9   Thumb Code    92  barcode_driver.o(.text.Extract_BC_data)
    Get_BC_Available_Flag                    0x00002449   Thumb Code     8  barcode_driver.o(.text.Get_BC_Available_Flag)
    Get_Item_info                            0x00002455   Thumb Code   296  wifi_driver.o(.text.Get_Item_info)
    Get_New_BC_Data                          0x0000258d   Thumb Code    20  barcode_driver.o(.text.Get_New_BC_Data)
    Get_Server_Connection_Status             0x000025a5   Thumb Code     8  wifi_driver.o(.text.Get_Server_Connection_Status)
    Get_WiFi_Connection_Status               0x000025b1   Thumb Code     8  wifi_driver.o(.text.Get_WiFi_Connection_Status)
    Get_WiFi_Init_Status                     0x000025bd   Thumb Code     8  wifi_driver.o(.text.Get_WiFi_Init_Status)
    Get_WiFi_SelfTest_Status                 0x000025c9   Thumb Code     8  wifi_driver.o(.text.Get_WiFi_SelfTest_Status)
    Init_GPIO                                0x000025d5   Thumb Code   224  gpio.o(.text.Init_GPIO)
    Init_UART0                               0x000026d9   Thumb Code   244  barcode_uart.o(.text.Init_UART0)
    Init_UART2                               0x00002801   Thumb Code   208  wifi_uart.o(.text.Init_UART2)
    Init_WiFi_Driver                         0x00002915   Thumb Code    12  wifi_driver.o(.text.Init_WiFi_Driver)
    LCD_Clear                                0x00002921   Thumb Code    22  lcd.o(.text.LCD_Clear)
    LCD_CmdWrite                             0x00002937   Thumb Code   182  lcd.o(.text.LCD_CmdWrite)
    LCD_DisplayChar                          0x000029ed   Thumb Code    72  lcd.o(.text.LCD_DisplayChar)
    LCD_DisplayString                        0x00002a35   Thumb Code    36  lcd.o(.text.LCD_DisplayString)
    LCD_GoToLine                             0x00002a59   Thumb Code    52  lcd.o(.text.LCD_GoToLine)
    LCD_GoToNextLine                         0x00002a8d   Thumb Code    52  lcd.o(.text.LCD_GoToNextLine)
    LCD_Init                                 0x00002ac9   Thumb Code   164  lcd.o(.text.LCD_Init)
    LED_ctrl                                 0x00002b79   Thumb Code    52  gpio.o(.text.LED_ctrl)
    Q_Dequeue                                0x00002bb5   Thumb Code   100  queue.o(.text.Q_Dequeue)
    Q_Empty                                  0x00002c19   Thumb Code    16  queue.o(.text.Q_Empty)
    Q_Enqueue                                0x00002c29   Thumb Code    96  queue.o(.text.Q_Enqueue)
    Q_Full                                   0x00002c8d   Thumb Code    20  queue.o(.text.Q_Full)
    Q_Init                                   0x00002ca5   Thumb Code    58  queue.o(.text.Q_Init)
    Return_App_FSM_State                     0x00002ce1   Thumb Code     8  main.o(.text.Return_App_FSM_State)
    Run_Application                          0x00002ced   Thumb Code  1384  main.o(.text.Run_Application)
    Run_Barcode_Driver                       0x000032cd   Thumb Code   108  barcode_driver.o(.text.Run_Barcode_Driver)
    Run_WiFi_Driver                          0x00003341   Thumb Code   756  wifi_driver.o(.text.Run_WiFi_Driver)
    SW_status                                0x00003679   Thumb Code   164  gpio.o(.text.SW_status)
    Send_String                              0x00003721   Thumb Code    92  wifi_uart.o(.text.Send_String)
    Set_BC_Available_Flag                    0x0000377d   Thumb Code    16  barcode_driver.o(.text.Set_BC_Available_Flag)
    SystemInit                               0x00003791   Thumb Code   256  system_mkl25z4.o(.text.SystemInit)
    UART0_IRQHandler                         0x000038e1   Thumb Code   140  barcode_uart.o(.text.UART0_IRQHandler)
    UART2_IRQHandler                         0x00003981   Thumb Code   120  wifi_uart.o(.text.UART2_IRQHandler)
    i2c_busy                                 0x00003bbd   Thumb Code   192  i2c.o(.text.i2c_busy)
    i2c_init                                 0x00003c81   Thumb Code    68  i2c.o(.text.i2c_init)
    i2c_wait                                 0x00003cdd   Thumb Code    96  i2c.o(.text.i2c_wait)
    i2c_write_byte                           0x00003d45   Thumb Code    72  i2c.o(.text.i2c_write_byte)
    insert                                   0x00003d95   Thumb Code    64  shopping_list_struct.o(.text.insert)
    main                                     0x00003e8d   Thumb Code    88  main.o(.text.main)
    read_data                                0x00003ef1   Thumb Code   256  wifi_driver.o(.text.read_data)
    read_data_from_Server                    0x00003ff1   Thumb Code   700  wifi_driver.o(.text.read_data_from_Server)
    __ARM_common_ll_muluu                    0x000042b9   Thumb Code    48  btod.o(i.__ARM_common_ll_muluu)
    __ARM_fpclassify                         0x000042e9   Thumb Code    40  fpclassify.o(i.__ARM_fpclassify)
    _is_digit                                0x00004315   Thumb Code    14  __printf_wp.o(i._is_digit)
    _get_lc_numeric                          0x00004325   Thumb Code    44  lc_numeric_c.o(locale$$code)
    _get_lc_ctype                            0x00004351   Thumb Code    44  lc_ctype_c.o(locale$$code)
    _printf_fp_dec                           0x0000437d   Thumb Code    16  printf1.o(x$fpl$printf1)
    _printf_fp_hex                           0x0000438d   Thumb Code    16  printf2.o(x$fpl$printf2)
    __I$use$fp                               0x0000439c   Number         0  usenofp.o(x$fpl$usenofp)
    Region$$Table$$Base                      0x000047a8   Number         0  anon$$obj.o(Region$$Table)
    Region$$Table$$Limit                     0x000047c8   Number         0  anon$$obj.o(Region$$Table)
    __ctype                                  0x000047f1   Data           0  lc_ctype_c.o(locale$$data)
    __libspace_start                         0x1ffff018   Data          96  libspace.o(.bss)
    __temporary_stack_top$libspace           0x1ffff078   Data           0  libspace.o(.bss)
    BC_New_Data_Ready                        0x1ffff07c   Data           4  barcode_driver.o(.bss.BC_New_Data_Ready)
    BC_RxQ                                   0x1ffff080   Data         524  barcode_uart.o(.bss.BC_RxQ)
    BC_TxQ                                   0x1ffff28c   Data         524  barcode_uart.o(.bss.BC_TxQ)
    ShoppingList                             0x1ffff4c4   Data         140  main.o(.bss.ShoppingList)
    WiFi_UART_RxQ                            0x1ffff564   Data         524  wifi_uart.o(.bss.WiFi_UART_RxQ)
    WiFi_UART_TxQ                            0x1ffff770   Data         524  wifi_uart.o(.bss.WiFi_UART_TxQ)
    i2c_lock                                 0x1ffff97c   Data           4  i2c.o(.bss.i2c_lock)
    lock_detect                              0x1ffff980   Data           4  i2c.o(.bss.lock_detect)
    v_LcdTrackLineNum_U8                     0x1ffff985   Data           1  lcd.o(.bss.v_LcdTrackLineNum_U8)



==============================================================================

Memory Map of the image

  Image Entry point : 0x00000261

  Load Region LR_1 (Base: 0x00000000, Size: 0x00004908, Max: 0xffffffff, ABSOLUTE)

    Execution Region ER_RO (Exec base: 0x00000000, Load base: 0x00000000, Size: 0x000048f4, Max: 0xffffffff, ABSOLUTE)

    Exec Addr    Load Addr    Size         Type   Attr      Idx    E Section Name        Object

    0x00000000   0x00000000   0x000000c0   Data   RO          277    RESET               startup_mkl25z4.o
    0x000000c0   0x000000c0   0x00000008   Code   RO          319  * !!!main             c_p.l(__main.o)
    0x000000c8   0x000000c8   0x0000003c   Code   RO          665    !!!scatter          c_p.l(__scatter.o)
    0x00000104   0x00000104   0x0000001a   Code   RO          667    !!handler_copy      c_p.l(__scatter_copy.o)
    0x0000011e   0x0000011e   0x00000002   PAD
    0x00000120   0x00000120   0x0000001c   Code   RO          669    !!handler_zi        c_p.l(__scatter_zi.o)
    0x0000013c   0x0000013c   0x00000002   Code   RO          420    .ARM.Collect$$_printf_percent$$00000000  c_p.l(_printf_percent.o)
    0x0000013e   0x0000013e   0x0000000a   Code   RO          409    .ARM.Collect$$_printf_percent$$00000001  c_p.l(_printf_n.o)
    0x00000148   0x00000148   0x0000000a   Code   RO          411    .ARM.Collect$$_printf_percent$$00000002  c_p.l(_printf_p.o)
    0x00000152   0x00000152   0x0000000a   Code   RO          416    .ARM.Collect$$_printf_percent$$00000003  c_p.l(_printf_f.o)
    0x0000015c   0x0000015c   0x0000000a   Code   RO          417    .ARM.Collect$$_printf_percent$$00000004  c_p.l(_printf_e.o)
    0x00000166   0x00000166   0x0000000a   Code   RO          418    .ARM.Collect$$_printf_percent$$00000005  c_p.l(_printf_g.o)
    0x00000170   0x00000170   0x0000000a   Code   RO          419    .ARM.Collect$$_printf_percent$$00000006  c_p.l(_printf_a.o)
    0x0000017a   0x0000017a   0x0000000a   Code   RO          424    .ARM.Collect$$_printf_percent$$00000007  c_p.l(_printf_ll.o)
    0x00000184   0x00000184   0x0000000a   Code   RO          413    .ARM.Collect$$_printf_percent$$00000008  c_p.l(_printf_i.o)
    0x0000018e   0x0000018e   0x0000000a   Code   RO          414    .ARM.Collect$$_printf_percent$$00000009  c_p.l(_printf_d.o)
    0x00000198   0x00000198   0x0000000a   Code   RO          415    .ARM.Collect$$_printf_percent$$0000000A  c_p.l(_printf_u.o)
    0x000001a2   0x000001a2   0x0000000a   Code   RO          412    .ARM.Collect$$_printf_percent$$0000000B  c_p.l(_printf_o.o)
    0x000001ac   0x000001ac   0x0000000a   Code   RO          410    .ARM.Collect$$_printf_percent$$0000000C  c_p.l(_printf_x.o)
    0x000001b6   0x000001b6   0x0000000a   Code   RO          421    .ARM.Collect$$_printf_percent$$0000000D  c_p.l(_printf_lli.o)
    0x000001c0   0x000001c0   0x0000000a   Code   RO          422    .ARM.Collect$$_printf_percent$$0000000E  c_p.l(_printf_lld.o)
    0x000001ca   0x000001ca   0x0000000a   Code   RO          423    .ARM.Collect$$_printf_percent$$0000000F  c_p.l(_printf_llu.o)
    0x000001d4   0x000001d4   0x0000000a   Code   RO          428    .ARM.Collect$$_printf_percent$$00000010  c_p.l(_printf_llo.o)
    0x000001de   0x000001de   0x0000000a   Code   RO          429    .ARM.Collect$$_printf_percent$$00000011  c_p.l(_printf_llx.o)
    0x000001e8   0x000001e8   0x0000000a   Code   RO          425    .ARM.Collect$$_printf_percent$$00000012  c_p.l(_printf_l.o)
    0x000001f2   0x000001f2   0x0000000a   Code   RO          407    .ARM.Collect$$_printf_percent$$00000013  c_p.l(_printf_c.o)
    0x000001fc   0x000001fc   0x0000000a   Code   RO          408    .ARM.Collect$$_printf_percent$$00000014  c_p.l(_printf_s.o)
    0x00000206   0x00000206   0x0000000a   Code   RO          426    .ARM.Collect$$_printf_percent$$00000015  c_p.l(_printf_lc.o)
    0x00000210   0x00000210   0x0000000a   Code   RO          427    .ARM.Collect$$_printf_percent$$00000016  c_p.l(_printf_ls.o)
    0x0000021a   0x0000021a   0x00000004   Code   RO          475    .ARM.Collect$$_printf_percent$$00000017  c_p.l(_printf_percent_end.o)
    0x0000021e   0x0000021e   0x00000002   Code   RO          515    .ARM.Collect$$libinit$$00000000  c_p.l(libinit.o)
    0x00000220   0x00000220   0x00000000   Code   RO          540    .ARM.Collect$$libinit$$00000002  c_p.l(libinit2.o)
    0x00000220   0x00000220   0x00000000   Code   RO          542    .ARM.Collect$$libinit$$00000004  c_p.l(libinit2.o)
    0x00000220   0x00000220   0x00000000   Code   RO          545    .ARM.Collect$$libinit$$0000000A  c_p.l(libinit2.o)
    0x00000220   0x00000220   0x00000000   Code   RO          547    .ARM.Collect$$libinit$$0000000C  c_p.l(libinit2.o)
    0x00000220   0x00000220   0x00000000   Code   RO          549    .ARM.Collect$$libinit$$0000000E  c_p.l(libinit2.o)
    0x00000220   0x00000220   0x00000006   Code   RO          550    .ARM.Collect$$libinit$$0000000F  c_p.l(libinit2.o)
    0x00000226   0x00000226   0x00000000   Code   RO          552    .ARM.Collect$$libinit$$00000011  c_p.l(libinit2.o)
    0x00000226   0x00000226   0x0000000c   Code   RO          553    .ARM.Collect$$libinit$$00000012  c_p.l(libinit2.o)
    0x00000232   0x00000232   0x00000000   Code   RO          554    .ARM.Collect$$libinit$$00000013  c_p.l(libinit2.o)
    0x00000232   0x00000232   0x00000000   Code   RO          556    .ARM.Collect$$libinit$$00000015  c_p.l(libinit2.o)
    0x00000232   0x00000232   0x0000000a   Code   RO          557    .ARM.Collect$$libinit$$00000016  c_p.l(libinit2.o)
    0x0000023c   0x0000023c   0x00000000   Code   RO          558    .ARM.Collect$$libinit$$00000017  c_p.l(libinit2.o)
    0x0000023c   0x0000023c   0x00000000   Code   RO          560    .ARM.Collect$$libinit$$00000019  c_p.l(libinit2.o)
    0x0000023c   0x0000023c   0x00000000   Code   RO          562    .ARM.Collect$$libinit$$0000001B  c_p.l(libinit2.o)
    0x0000023c   0x0000023c   0x00000000   Code   RO          564    .ARM.Collect$$libinit$$0000001D  c_p.l(libinit2.o)
    0x0000023c   0x0000023c   0x00000000   Code   RO          566    .ARM.Collect$$libinit$$0000001F  c_p.l(libinit2.o)
    0x0000023c   0x0000023c   0x00000000   Code   RO          568    .ARM.Collect$$libinit$$00000021  c_p.l(libinit2.o)
    0x0000023c   0x0000023c   0x00000000   Code   RO          570    .ARM.Collect$$libinit$$00000023  c_p.l(libinit2.o)
    0x0000023c   0x0000023c   0x00000000   Code   RO          572    .ARM.Collect$$libinit$$00000025  c_p.l(libinit2.o)
    0x0000023c   0x0000023c   0x00000000   Code   RO          576    .ARM.Collect$$libinit$$0000002C  c_p.l(libinit2.o)
    0x0000023c   0x0000023c   0x00000000   Code   RO          578    .ARM.Collect$$libinit$$0000002E  c_p.l(libinit2.o)
    0x0000023c   0x0000023c   0x00000000   Code   RO          580    .ARM.Collect$$libinit$$00000030  c_p.l(libinit2.o)
    0x0000023c   0x0000023c   0x00000000   Code   RO          582    .ARM.Collect$$libinit$$00000032  c_p.l(libinit2.o)
    0x0000023c   0x0000023c   0x00000002   Code   RO          583    .ARM.Collect$$libinit$$00000033  c_p.l(libinit2.o)
    0x0000023e   0x0000023e   0x00000002   Code   RO          620    .ARM.Collect$$libshutdown$$00000000  c_p.l(libshutdown.o)
    0x00000240   0x00000240   0x00000000   Code   RO          648    .ARM.Collect$$libshutdown$$00000002  c_p.l(libshutdown2.o)
    0x00000240   0x00000240   0x00000000   Code   RO          650    .ARM.Collect$$libshutdown$$00000004  c_p.l(libshutdown2.o)
    0x00000240   0x00000240   0x00000000   Code   RO          653    .ARM.Collect$$libshutdown$$00000007  c_p.l(libshutdown2.o)
    0x00000240   0x00000240   0x00000000   Code   RO          656    .ARM.Collect$$libshutdown$$0000000A  c_p.l(libshutdown2.o)
    0x00000240   0x00000240   0x00000000   Code   RO          658    .ARM.Collect$$libshutdown$$0000000C  c_p.l(libshutdown2.o)
    0x00000240   0x00000240   0x00000000   Code   RO          661    .ARM.Collect$$libshutdown$$0000000F  c_p.l(libshutdown2.o)
    0x00000240   0x00000240   0x00000002   Code   RO          662    .ARM.Collect$$libshutdown$$00000010  c_p.l(libshutdown2.o)
    0x00000242   0x00000242   0x00000000   Code   RO          334    .ARM.Collect$$rtentry$$00000000  c_p.l(__rtentry.o)
    0x00000242   0x00000242   0x00000000   Code   RO          442    .ARM.Collect$$rtentry$$00000002  c_p.l(__rtentry2.o)
    0x00000242   0x00000242   0x00000006   Code   RO          454    .ARM.Collect$$rtentry$$00000004  c_p.l(__rtentry4.o)
    0x00000248   0x00000248   0x00000000   Code   RO          444    .ARM.Collect$$rtentry$$00000009  c_p.l(__rtentry2.o)
    0x00000248   0x00000248   0x00000004   Code   RO          445    .ARM.Collect$$rtentry$$0000000A  c_p.l(__rtentry2.o)
    0x0000024c   0x0000024c   0x00000000   Code   RO          447    .ARM.Collect$$rtentry$$0000000C  c_p.l(__rtentry2.o)
    0x0000024c   0x0000024c   0x00000008   Code   RO          448    .ARM.Collect$$rtentry$$0000000D  c_p.l(__rtentry2.o)
    0x00000254   0x00000254   0x00000002   Code   RO          524    .ARM.Collect$$rtexit$$00000000  c_p.l(rtexit.o)
    0x00000256   0x00000256   0x00000000   Code   RO          589    .ARM.Collect$$rtexit$$00000002  c_p.l(rtexit2.o)
    0x00000256   0x00000256   0x00000004   Code   RO          590    .ARM.Collect$$rtexit$$00000003  c_p.l(rtexit2.o)
    0x0000025a   0x0000025a   0x00000006   Code   RO          591    .ARM.Collect$$rtexit$$00000004  c_p.l(rtexit2.o)
    0x00000260   0x00000260   0x00000040   Code   RO          279  * .text               startup_mkl25z4.o
    0x000002a0   0x000002a0   0x0000002c   Code   RO          301    .text               c_p.l(sprintf.o)
    0x000002cc   0x000002cc   0x0000004c   Code   RO          303    .text               c_p.l(strcpy.o)
    0x00000318   0x00000318   0x00000044   Code   RO          305    .text               c_p.l(strlen.o)
    0x0000035c   0x0000035c   0x000000a0   Code   RO          307    .text               c_p.l(strncmp.o)
    0x000003fc   0x000003fc   0x00000002   Code   RO          609    .text               c_p.l(use_no_semi.o)
    0x000003fe   0x000003fe   0x00000000   Code   RO          611    .text               c_p.l(indicate_semi.o)
    0x000003fe   0x000003fe   0x00000002   Code   RO          108    .text.lcd_Reset     lcd.o
    0x00000400   0x00000400   0x00000010   Code   RO          278    .ARM.__at_0x400     startup_mkl25z4.o
    0x00000410   0x00000410   0x00000018   Code   RO          309    .text               c_p.l(strcat.o)
    0x00000428   0x00000428   0x0000006c   Code   RO          311    .text               c_p.l(strncpy.o)
    0x00000494   0x00000494   0x0000016c   Code   RO          313    .text               c_p.l(aeabi_sdiv.o)
    0x00000600   0x00000600   0x00000006   Code   RO          317    .text               c_p.l(heapauxi.o)
    0x00000606   0x00000606   0x00000002   PAD
    0x00000608   0x00000608   0x00000448   Code   RO          323    .text               fz_ps.l(ddiv.o)
    0x00000a50   0x00000a50   0x0000006c   Code   RO          326    .text               fz_ps.l(dfixi.o)
    0x00000abc   0x00000abc   0x00000058   Code   RO          330    .text               fz_ps.l(dflti.o)
    0x00000b14   0x00000b14   0x0000004e   Code   RO          341    .text               c_p.l(_printf_pad.o)
    0x00000b62   0x00000b62   0x00000024   Code   RO          343    .text               c_p.l(_printf_truncate.o)
    0x00000b86   0x00000b86   0x00000052   Code   RO          345    .text               c_p.l(_printf_str.o)
    0x00000bd8   0x00000bd8   0x0000006c   Code   RO          347    .text               c_p.l(_printf_dec.o)
    0x00000c44   0x00000c44   0x00000026   Code   RO          349    .text               c_p.l(_printf_charcount.o)
    0x00000c6a   0x00000c6a   0x00000002   PAD
    0x00000c6c   0x00000c6c   0x00000030   Code   RO          351    .text               c_p.l(_printf_char_common.o)
    0x00000c9c   0x00000c9c   0x0000000a   Code   RO          353    .text               c_p.l(_sputc.o)
    0x00000ca6   0x00000ca6   0x00000002   PAD
    0x00000ca8   0x00000ca8   0x000000bc   Code   RO          355    .text               c_p.l(_printf_wctomb.o)
    0x00000d64   0x00000d64   0x00000070   Code   RO          358    .text               c_p.l(_printf_longlong_dec.o)
    0x00000dd4   0x00000dd4   0x00000070   Code   RO          364    .text               c_p.l(_printf_oct_int_ll.o)
    0x00000e44   0x00000e44   0x00000098   Code   RO          384    .text               c_p.l(_printf_hex_int_ll_ptr.o)
    0x00000edc   0x00000edc   0x00000188   Code   RO          404    .text               c_p.l(__printf_flags_ss_wp.o)
    0x00001064   0x00001064   0x00000040   Code   RO          430    .text               c_p.l(rt_memclr.o)
    0x000010a4   0x000010a4   0x0000007a   Code   RO          458    .text               c_p.l(lludiv10.o)
    0x0000111e   0x0000111e   0x000000b0   Code   RO          460    .text               c_p.l(_printf_intcommon.o)
    0x000011ce   0x000011ce   0x00000002   PAD
    0x000011d0   0x000011d0   0x00000414   Code   RO          462    .text               c_p.l(_printf_fp_dec.o)
    0x000015e4   0x000015e4   0x000002d8   Code   RO          466    .text               c_p.l(_printf_fp_hex.o)
    0x000018bc   0x000018bc   0x0000002e   Code   RO          471    .text               c_p.l(_printf_char.o)
    0x000018ea   0x000018ea   0x0000002e   Code   RO          473    .text               c_p.l(_printf_wchar.o)
    0x00001918   0x00001918   0x00000042   Code   RO          476    .text               c_p.l(_c16rtomb.o)
    0x0000195a   0x0000195a   0x00000028   Code   RO          478    .text               c_p.l(rtudiv10.o)
    0x00001982   0x00001982   0x0000003e   Code   RO          480    .text               c_p.l(sys_stackheap_outer.o)
    0x000019c0   0x000019c0   0x00000010   Code   RO          483    .text               c_p.l(rt_ctype_table.o)
    0x000019d0   0x000019d0   0x00000008   Code   RO          488    .text               c_p.l(rt_locale_intlibspace.o)
    0x000019d8   0x000019d8   0x00000088   Code   RO          490    .text               c_p.l(_printf_fp_infnan.o)
    0x00001a60   0x00001a60   0x000000d8   Code   RO          492    .text               c_p.l(bigflt0.o)
    0x00001b38   0x00001b38   0x00000580   Code   RO          495    .text               c_p.l(btod.o)
    0x000020b8   0x000020b8   0x00000010   Code   RO          504    .text               c_p.l(exit.o)
    0x000020c8   0x000020c8   0x00000008   Code   RO          520    .text               c_p.l(libspace.o)
    0x000020d0   0x000020d0   0x00000088   Code   RO          537    .text               c_p.l(strcmp.o)
    0x00002158   0x00002158   0x0000000c   Code   RO          584    .text               c_p.l(sys_exit.o)
    0x00002164   0x00002164   0x00000030   Code   RO           35    .text.ClearList     shopping_list_struct.o
    0x00002194   0x00002194   0x0000002a   Code   RO          267    .text.Clear_All_LEDs  gpio.o
    0x000021be   0x000021be   0x00000002   PAD
    0x000021c0   0x000021c0   0x00000030   Code   RO            4    .text.Clear_Shopping_list  main.o
    0x000021f0   0x000021f0   0x00000028   Code   RO          253    .text.Delay         delay.o
    0x00002218   0x00002218   0x0000001c   Code   RO           86    .text.Disconnect_Server  wifi_driver.o
    0x00002234   0x00002234   0x000000cc   Code   RO            8    .text.Display_Item_info  main.o
    0x00002300   0x00002300   0x000000e8   Code   RO           10    .text.Display_Receipt  main.o
    0x000023e8   0x000023e8   0x00000060   Code   RO           51    .text.Extract_BC_data  barcode_driver.o
    0x00002448   0x00002448   0x0000000c   Code   RO           49    .text.Get_BC_Available_Flag  barcode_driver.o
    0x00002454   0x00002454   0x00000138   Code   RO           82    .text.Get_Item_info  wifi_driver.o
    0x0000258c   0x0000258c   0x00000018   Code   RO           55    .text.Get_New_BC_Data  barcode_driver.o
    0x000025a4   0x000025a4   0x0000000c   Code   RO           80    .text.Get_Server_Connection_Status  wifi_driver.o
    0x000025b0   0x000025b0   0x0000000c   Code   RO           78    .text.Get_WiFi_Connection_Status  wifi_driver.o
    0x000025bc   0x000025bc   0x0000000c   Code   RO           74    .text.Get_WiFi_Init_Status  wifi_driver.o
    0x000025c8   0x000025c8   0x0000000c   Code   RO           76    .text.Get_WiFi_SelfTest_Status  wifi_driver.o
    0x000025d4   0x000025d4   0x00000104   Code   RO          261    .text.Init_GPIO     gpio.o
    0x000026d8   0x000026d8   0x00000128   Code   RO          207    .text.Init_UART0    barcode_uart.o
    0x00002800   0x00002800   0x00000114   Code   RO          173    .text.Init_UART2    wifi_uart.o
    0x00002914   0x00002914   0x0000000c   Code   RO           68    .text.Init_WiFi_Driver  wifi_driver.o
    0x00002920   0x00002920   0x00000016   Code   RO          110    .text.LCD_Clear     lcd.o
    0x00002936   0x00002936   0x000000b6   Code   RO          106    .text.LCD_CmdWrite  lcd.o
    0x000029ec   0x000029ec   0x00000048   Code   RO          118    .text.LCD_DisplayChar  lcd.o
    0x00002a34   0x00002a34   0x00000024   Code   RO          122    .text.LCD_DisplayString  lcd.o
    0x00002a58   0x00002a58   0x00000034   Code   RO          112    .text.LCD_GoToLine  lcd.o
    0x00002a8c   0x00002a8c   0x0000003c   Code   RO          114    .text.LCD_GoToNextLine  lcd.o
    0x00002ac8   0x00002ac8   0x000000b0   Code   RO          104    .text.LCD_Init      lcd.o
    0x00002b78   0x00002b78   0x0000003c   Code   RO          263    .text.LED_ctrl      gpio.o
    0x00002bb4   0x00002bb4   0x00000064   Code   RO          244    .text.Q_Dequeue     queue.o
    0x00002c18   0x00002c18   0x00000010   Code   RO          236    .text.Q_Empty       queue.o
    0x00002c28   0x00002c28   0x00000064   Code   RO          242    .text.Q_Enqueue     queue.o
    0x00002c8c   0x00002c8c   0x00000018   Code   RO          238    .text.Q_Full        queue.o
    0x00002ca4   0x00002ca4   0x0000003a   Code   RO          234    .text.Q_Init        queue.o
    0x00002cde   0x00002cde   0x00000002   PAD
    0x00002ce0   0x00002ce0   0x0000000c   Code   RO           12    .text.Return_App_FSM_State  main.o
    0x00002cec   0x00002cec   0x000005e0   Code   RO            6    .text.Run_Application  main.o
    0x000032cc   0x000032cc   0x00000074   Code   RO           47    .text.Run_Barcode_Driver  barcode_driver.o
    0x00003340   0x00003340   0x00000338   Code   RO           70    .text.Run_WiFi_Driver  wifi_driver.o
    0x00003678   0x00003678   0x000000a8   Code   RO          265    .text.SW_status     gpio.o
    0x00003720   0x00003720   0x0000005c   Code   RO          181    .text.Send_String   wifi_uart.o
    0x0000377c   0x0000377c   0x00000014   Code   RO           53    .text.Set_BC_Available_Flag  barcode_driver.o
    0x00003790   0x00003790   0x00000150   Code   RO          288    .text.SystemInit    system_mkl25z4.o
    0x000038e0   0x000038e0   0x000000a0   Code   RO          219    .text.UART0_IRQHandler  barcode_uart.o
    0x00003980   0x00003980   0x0000008c   Code   RO          187    .text.UART2_IRQHandler  wifi_uart.o
    0x00003a0c   0x00003a0c   0x00000028   Code   RO          177    .text.__NVIC_ClearPendingIRQ  wifi_uart.o
    0x00003a34   0x00003a34   0x0000002c   Code   RO          211    .text.__NVIC_ClearPendingIRQ  barcode_uart.o
    0x00003a60   0x00003a60   0x00000028   Code   RO          179    .text.__NVIC_EnableIRQ  wifi_uart.o
    0x00003a88   0x00003a88   0x0000002c   Code   RO          213    .text.__NVIC_EnableIRQ  barcode_uart.o
    0x00003ab4   0x00003ab4   0x00000080   Code   RO          175    .text.__NVIC_SetPriority  wifi_uart.o
    0x00003b34   0x00003b34   0x00000088   Code   RO          209    .text.__NVIC_SetPriority  barcode_uart.o
    0x00003bbc   0x00003bbc   0x000000c4   Code   RO          146    .text.i2c_busy      i2c.o
    0x00003c80   0x00003c80   0x0000005c   Code   RO          144    .text.i2c_init      i2c.o
    0x00003cdc   0x00003cdc   0x00000068   Code   RO          148    .text.i2c_wait      i2c.o
    0x00003d44   0x00003d44   0x00000050   Code   RO          158    .text.i2c_write_byte  i2c.o
    0x00003d94   0x00003d94   0x00000040   Code   RO           33    .text.insert        shopping_list_struct.o
    0x00003dd4   0x00003dd4   0x000000b6   Code   RO          120    .text.lcd_DataWrite  lcd.o
    0x00003e8a   0x00003e8a   0x00000002   PAD
    0x00003e8c   0x00003e8c   0x00000064   Code   RO            2    .text.main          main.o
    0x00003ef0   0x00003ef0   0x00000100   Code   RO           72    .text.read_data     wifi_driver.o
    0x00003ff0   0x00003ff0   0x000002c8   Code   RO           84    .text.read_data_from_Server  wifi_driver.o
    0x000042b8   0x000042b8   0x00000030   Code   RO          497    i.__ARM_common_ll_muluu  c_p.l(btod.o)
    0x000042e8   0x000042e8   0x0000002c   Code   RO          518    i.__ARM_fpclassify  m_ps.l(fpclassify.o)
    0x00004314   0x00004314   0x0000000e   Code   RO          397    i._is_digit         c_p.l(__printf_wp.o)
    0x00004322   0x00004322   0x00000002   PAD
    0x00004324   0x00004324   0x0000002c   Code   RO          502    locale$$code        c_p.l(lc_numeric_c.o)
    0x00004350   0x00004350   0x0000002c   Code   RO          531    locale$$code        c_p.l(lc_ctype_c.o)
    0x0000437c   0x0000437c   0x00000010   Code   RO          432    x$fpl$printf1       fz_ps.l(printf1.o)
    0x0000438c   0x0000438c   0x00000010   Code   RO          434    x$fpl$printf2       fz_ps.l(printf2.o)
    0x0000439c   0x0000439c   0x00000000   Code   RO          440    x$fpl$usenofp       fz_ps.l(usenofp.o)
    0x0000439c   0x0000439c   0x00000080   Data   RO          324    .constdata          fz_ps.l(ddiv.o)
    0x0000441c   0x0000441c   0x00000008   Data   RO          356    .constdata          c_p.l(_printf_wctomb.o)
    0x00004424   0x00004424   0x00000028   Data   RO          385    .constdata          c_p.l(_printf_hex_int_ll_ptr.o)
    0x0000444c   0x0000444c   0x00000011   Data   RO          405    .constdata          c_p.l(__printf_flags_ss_wp.o)
    0x0000445d   0x0000445d   0x00000026   Data   RO          467    .constdata          c_p.l(_printf_fp_hex.o)
    0x00004483   0x00004483   0x00000001   PAD
    0x00004484   0x00004484   0x00000094   Data   RO          493    .constdata          c_p.l(bigflt0.o)
    0x00004518   0x00004518   0x000001c9   Data   RO           17    .rodata.str1.1      main.o
    0x000046e1   0x000046e1   0x000000c6   Data   RO           90    .rodata.str1.1      wifi_driver.o
    0x000047a7   0x000047a7   0x00000001   PAD
    0x000047a8   0x000047a8   0x00000020   Data   RO          664    Region$$Table       anon$$obj.o
    0x000047c8   0x000047c8   0x0000001c   Data   RO          501    locale$$data        c_p.l(lc_numeric_c.o)
    0x000047e4   0x000047e4   0x00000110   Data   RO          530    locale$$data        c_p.l(lc_ctype_c.o)


    Execution Region ER_RW (Exec base: 0x1ffff000, Load base: 0x000048f4, Size: 0x00000014, Max: 0xffffffff, ABSOLUTE)

    Exec Addr    Load Addr    Size         Type   Attr      Idx    E Section Name        Object

    0x1ffff000   0x000048f4   0x00000004   Data   RW          134    .data.ARR_LcdLineNumAddress_U8  lcd.o
    0x1ffff004   0x000048f8   0x0000000e   Data   RW           60    .data.Barcode_Data  barcode_driver.o
    0x1ffff012   0x00004906   0x00000001   Data   RW           16    .data.Shopping_Cart_App_State  main.o


    Execution Region ER_ZI (Exec base: 0x1ffff018, Load base: 0x00004908, Size: 0x00000a70, Max: 0xffffffff, ABSOLUTE)

    Exec Addr    Load Addr    Size         Type   Attr      Idx    E Section Name        Object

    0x1ffff018        -       0x00000060   Zero   RW          521    .bss                c_p.l(libspace.o)
    0x1ffff078        -       0x00000004   Zero   RW           59    .bss.BC_New_Code_Available  barcode_driver.o
    0x1ffff07c        -       0x00000004   Zero   RW           57    .bss.BC_New_Data_Ready  barcode_driver.o
    0x1ffff080        -       0x0000020c   Zero   RW          226    .bss.BC_RxQ         barcode_uart.o
    0x1ffff28c        -       0x0000020c   Zero   RW          225    .bss.BC_TxQ         barcode_uart.o
    0x1ffff498        -       0x00000001   Zero   RW           58    .bss.Barcode_State  barcode_driver.o
    0x1ffff499        -       0x0000000c   Zero   RW           20    .bss.ItemBarcode    main.o
    0x1ffff4a5        -       0x00000003   Zero   RW          133    .bss.LCDConfig      lcd.o
    0x1ffff4a8        -       0x00000003   Zero   RW          132    .bss.LCDConfig2     lcd.o
    0x1ffff4ab   0x00004908   0x00000001   PAD
    0x1ffff4ac        -       0x00000004   Zero   RW           22    .bss.ListCnt        main.o
    0x1ffff4b0        -       0x00000004   Zero   RW           18    .bss.Main_Menu_LCD  main.o
    0x1ffff4b4        -       0x00000004   Zero   RW           24    .bss.New_Data_Added_to_List  main.o
    0x1ffff4b8        -       0x00000004   Zero   RW           21    .bss.ReadData_Server_Res  main.o
    0x1ffff4bc        -       0x00000002   Zero   RW           88    .bss.Run_WiFi_Driver.FailCnt  wifi_driver.o
    0x1ffff4be   0x00004908   0x00000002   PAD
    0x1ffff4c0        -       0x00000004   Zero   RW           94    .bss.Server_Status  wifi_driver.o
    0x1ffff4c4        -       0x0000008c   Zero   RW           23    .bss.ShoppingList   main.o
    0x1ffff550        -       0x00000004   Zero   RW           19    .bss.Test_cnt       main.o
    0x1ffff554        -       0x00000004   Zero   RW           93    .bss.WiFi_Connection_Status  wifi_driver.o
    0x1ffff558        -       0x00000004   Zero   RW           91    .bss.WiFi_Init_State  wifi_driver.o
    0x1ffff55c        -       0x00000004   Zero   RW           92    .bss.WiFi_SelfTest_Status  wifi_driver.o
    0x1ffff560        -       0x00000001   Zero   RW           89    .bss.WiFi_State     wifi_driver.o
    0x1ffff561   0x00004908   0x00000003   PAD
    0x1ffff564        -       0x0000020c   Zero   RW          196    .bss.WiFi_UART_RxQ  wifi_uart.o
    0x1ffff770        -       0x0000020c   Zero   RW          195    .bss.WiFi_UART_TxQ  wifi_uart.o
    0x1ffff97c        -       0x00000004   Zero   RW          161    .bss.i2c_lock       i2c.o
    0x1ffff980        -       0x00000004   Zero   RW          160    .bss.lock_detect    i2c.o
    0x1ffff984        -       0x00000001   Zero   RW          135    .bss.v_LcdTrackCursorPos_U8  lcd.o
    0x1ffff985        -       0x00000001   Zero   RW          136    .bss.v_LcdTrackLineNum_U8  lcd.o
    0x1ffff986   0x00004908   0x00000002   PAD
    0x1ffff988        -       0x00000000   Zero   RW          276    HEAP                startup_mkl25z4.o
    0x1ffff988        -       0x00000100   Zero   RW          275    STACK               startup_mkl25z4.o


==============================================================================

Image component sizes


      Code (inc. data)   RO Data    RW Data    ZI Data      Debug   Object Name

       268         44          0         14          9       1734   barcode_driver.o
       680         88          0          0       1048       5012   barcode_uart.o
        40          4          0          0          0        591   delay.o
       530         48          0          0          0       2395   gpio.o
       472         44          0          0          8       3176   i2c.o
       784         20          0          4          8       5533   lcd.o
      2100        464        457          1        172       3333   main.o
       298          8          0          0          0       2218   queue.o
       112          4          0          0          0       1219   shopping_list_struct.o
        80         44        192          0        256        948   startup_mkl25z4.o
       336         80          0          0          0       3351   system_mkl25z4.o
      2192        140        198          0         19       4680   wifi_driver.o
       716         88          0          0       1048       5843   wifi_uart.o

    ----------------------------------------------------------------------
      8614       1076        880         20       2576      40033   Object Totals
         0          0         32          0          0          0   (incl. Generated)
         6          0          1          1          8          0   (incl. Padding)

    ----------------------------------------------------------------------

      Code (inc. data)   RO Data    RW Data    ZI Data      Debug   Library Member Name

         8          0          0          0          0         68   __main.o
       392          6         17          0          0         76   __printf_flags_ss_wp.o
        14          0          0          0          0         60   __printf_wp.o
         0          0          0          0          0          0   __rtentry.o
        12          0          0          0          0          0   __rtentry2.o
         6          0          0          0          0          0   __rtentry4.o
        60          8          0          0          0          0   __scatter.o
        26          0          0          0          0          0   __scatter_copy.o
        28          0          0          0          0          0   __scatter_zi.o
        66          0          0          0          0         76   _c16rtomb.o
        10          0          0          0          0          0   _printf_a.o
        10          0          0          0          0          0   _printf_c.o
        46          0          0          0          0        100   _printf_char.o
        48          6          0          0          0         88   _printf_char_common.o
        38          0          0          0          0         60   _printf_charcount.o
        10          0          0          0          0          0   _printf_d.o
       108         18          0          0          0         76   _printf_dec.o
        10          0          0          0          0          0   _printf_e.o
        10          0          0          0          0          0   _printf_f.o
      1044         12          0          0          0        116   _printf_fp_dec.o
       728         10         38          0          0         84   _printf_fp_hex.o
       136         16          0          0          0         76   _printf_fp_infnan.o
        10          0          0          0          0          0   _printf_g.o
       152          4         40          0          0        148   _printf_hex_int_ll_ptr.o
        10          0          0          0          0          0   _printf_i.o
       176          0          0          0          0         84   _printf_intcommon.o
        10          0          0          0          0          0   _printf_l.o
        10          0          0          0          0          0   _printf_lc.o
        10          0          0          0          0          0   _printf_ll.o
        10          0          0          0          0          0   _printf_lld.o
        10          0          0          0          0          0   _printf_lli.o
        10          0          0          0          0          0   _printf_llo.o
        10          0          0          0          0          0   _printf_llu.o
        10          0          0          0          0          0   _printf_llx.o
       112         18          0          0          0         76   _printf_longlong_dec.o
        10          0          0          0          0          0   _printf_ls.o
        10          0          0          0          0          0   _printf_n.o
        10          0          0          0          0          0   _printf_o.o
       112         10          0          0          0        112   _printf_oct_int_ll.o
        10          0          0          0          0          0   _printf_p.o
        78          0          0          0          0        100   _printf_pad.o
         2          0          0          0          0          0   _printf_percent.o
         4          0          0          0          0          0   _printf_percent_end.o
        10          0          0          0          0          0   _printf_s.o
        82          0          0          0          0         72   _printf_str.o
        36          0          0          0          0         76   _printf_truncate.o
        10          0          0          0          0          0   _printf_u.o
        46          0          0          0          0        100   _printf_wchar.o
       188          6          8          0          0         80   _printf_wctomb.o
        10          0          0          0          0          0   _printf_x.o
        10          0          0          0          0         60   _sputc.o
       364          4          0          0          0         92   aeabi_sdiv.o
       216          6        148          0          0         80   bigflt0.o
      1456         30          0          0          0        336   btod.o
        16          0          0          0          0         68   exit.o
         6          0          0          0          0        136   heapauxi.o
         0          0          0          0          0          0   indicate_semi.o
        44         10        272          0          0         76   lc_ctype_c.o
        44         10         28          0          0         76   lc_numeric_c.o
         2          0          0          0          0          0   libinit.o
        30          0          0          0          0          0   libinit2.o
         2          0          0          0          0          0   libshutdown.o
         2          0          0          0          0          0   libshutdown2.o
         8          4          0          0         96         68   libspace.o
       122          0          0          0          0         72   lludiv10.o
        16          4          0          0          0         76   rt_ctype_table.o
         8          4          0          0          0         68   rt_locale_intlibspace.o
        64          0          0          0          0        108   rt_memclr.o
         2          0          0          0          0          0   rtexit.o
        10          0          0          0          0          0   rtexit2.o
        40          0          0          0          0         60   rtudiv10.o
        44          4          0          0          0         84   sprintf.o
        24          0          0          0          0         60   strcat.o
       136          4          0          0          0         72   strcmp.o
        76          6          0          0          0         72   strcpy.o
        68          6          0          0          0         72   strlen.o
       160          6          0          0          0         76   strncmp.o
       108          4          0          0          0         76   strncpy.o
        12          4          0          0          0         60   sys_exit.o
        62          0          0          0          0         80   sys_stackheap_outer.o
         2          0          0          0          0         68   use_no_semi.o
      1096         26        128          0          0        112   ddiv.o
       108         10          0          0          0         72   dfixi.o
        88          0          0          0          0         92   dflti.o
        16          4          0          0          0         76   printf1.o
        16          4          0          0          0         76   printf2.o
         0          0          0          0          0          0   usenofp.o
        44          4          0          0          0         60   fpclassify.o

    ----------------------------------------------------------------------
      8502        268        680          0         96       4312   Library Totals
        12          0          1          0          0          0   (incl. Padding)

    ----------------------------------------------------------------------

      Code (inc. data)   RO Data    RW Data    ZI Data      Debug   Library Name

      7122        220        551          0         96       3824   c_p.l
      1324         44        128          0          0        428   fz_ps.l
        44          4          0          0          0         60   m_ps.l

    ----------------------------------------------------------------------
      8502        268        680          0         96       4312   Library Totals

    ----------------------------------------------------------------------

==============================================================================


      Code (inc. data)   RO Data    RW Data    ZI Data      Debug   

     17116       1344       1560         20       2672      42041   Grand Totals
     17116       1344       1560         20       2672      42041   ELF Image Totals
     17116       1344       1560         20          0          0   ROM Totals

==============================================================================

    Total RO  Size (Code + RO Data)                18676 (  18.24kB)
    Total RW  Size (RW Data + ZI Data)              2692 (   2.63kB)
    Total ROM Size (Code + RO Data + RW Data)      18696 (  18.26kB)

==============================================================================

